---------------------------- /cm/local/modulefiles -----------------------------
apptainer/apptainer.module  dot              mariadb-libs  python3              
boost/1.81.0                freeipmi/1.6.10  module-git    python39             
cluster-tools/10.0          gcc/13.1.0       module-info   shared               
cm-bios-tools               gcc/64/4.1.7a1   modules       slurm/slurm/23.02.6  
cmd                         ipmitool/1.8.19  null          use.own              
cmjob                       luajit           openldap      

---------------------------- /cm/shared/modulefiles ----------------------------
Anaconda3/2023.09-0          default-environment       nvhpc-hpcx/23.11         
cm-pmix3/3.1.7               gdb/13.1                  nvhpc-nompi/23.11        
cm-pmix4/4.1.3               hdf5_18/1.8.21            nvhpc-openmpi3/23.11     
cuda11.8/blas/11.8.0         hpl/2.3                   nvhpc/23.11              
cuda11.8/fft/11.8.0          hwloc/1.11.13             openblas/dynamic/0.3.18  
cuda11.8/toolkit/11.8.0      hwloc2/2.8.0              openmpi/gcc/64/4.1.5     
cuda12.2/blas/12.2.2         mvapich2/gcc/64/2.3.7     openmpi4/gcc/4.1.5       
cuda12.2/fft/12.2.2          nvhpc-byo-compiler/23.11  ucx/1.10.1               
cuda12.2/toolkit/12.2.2      nvhpc-hpcx-cuda11/23.11   vscode/cli               
cudnn8.6-cuda11.8/8.6.0.163  nvhpc-hpcx-cuda12/23.11   
Loading nvhpc-hpcx-cuda12/23.11
  Loading requirement: hpcx
__PHYSCOG_COMPUTE_NODE__=dgx-54
__PHYSCOG_COMMIT__=f5092467a3e6ec79b941885b9245b32c63ea2d61
PASS_L1C5_FROZEN_MACHINE_GATES manifest_sha256=14eeb148208f536eca7920ddde28b285502007d6b719739f6742712264cd5937
PASS_L1C5_FROZEN_MACHINE_GATES manifest_sha256=14eeb148208f536eca7920ddde28b285502007d6b719739f6742712264cd5937
PASS_L1C5_FROZEN_MACHINE_GATES manifest_sha256=14eeb148208f536eca7920ddde28b285502007d6b719739f6742712264cd5937
Verdict: PASS_FROZEN_INITIAL_STATE_BUNDLE
States: {'eb': 50, 'er': 50, 'ec': 50}
Preview: PASS_EXACT_STATE_PREVIEW
PASS_L1C5_FROZEN_MACHINE_GATES manifest_sha256=14eeb148208f536eca7920ddde28b285502007d6b719739f6742712264cd5937
2026-08-11 10:04:43.851538: I tensorflow/core/util/port.cc:113] oneDNN custom operations are on. You may see slightly different numerical results due to floating-point round-off errors from different computation orders. To turn them off, set the environment variable `TF_ENABLE_ONEDNN_OPTS=0`.
2026-08-11 10:04:43.908937: E external/local_xla/xla/stream_executor/cuda/cuda_dnn.cc:9261] Unable to register cuDNN factory: Attempting to register factory for plugin cuDNN when one has already been registered
2026-08-11 10:04:43.908973: E external/local_xla/xla/stream_executor/cuda/cuda_fft.cc:607] Unable to register cuFFT factory: Attempting to register factory for plugin cuFFT when one has already been registered
2026-08-11 10:04:43.915287: E external/local_xla/xla/stream_executor/cuda/cuda_blas.cc:1515] Unable to register cuBLAS factory: Attempting to register factory for plugin cuBLAS when one has already been registered
2026-08-11 10:04:43.928762: I tensorflow/core/platform/cpu_feature_guard.cc:182] This TensorFlow binary is optimized to use available CPU instructions in performance-critical operations.
To enable the following instructions: AVX2 AVX512F AVX512_VNNI AVX512_BF16 AVX_VNNI AMX_TILE AMX_INT8 AMX_BF16 FMA, in other operations, rebuild TensorFlow with the appropriate compiler flags.
2026-08-11 10:04:46.862620: W tensorflow/compiler/tf2tensorrt/utils/py_utils.cc:38] TF-TRT Warning: Could not find TensorRT
2026-08-11 10:04:53.302314: W tensorflow/core/common_runtime/gpu/gpu_device.cc:2256] Cannot dlopen some GPU libraries. Please make sure the missing libraries mentioned above are installed properly if you would like to use GPU. Follow the guide at https://www.tensorflow.org/install/gpu for how to download and setup the required libraries for your platform.
Skipping registering GPU devices...
[robosuite WARNING] No private macro file found! (macros.py:53)
[robosuite WARNING] It is recommended to use a private macro file (macros.py:54)
[robosuite WARNING] To setup, run: python /home/drwqyhappy/.conda/envs/openvla_oft/lib/python3.10/site-packages/robosuite/scripts/setup_macros.py (macros.py:55)
Gym has been unmaintained since 2022 and does not support NumPy 2.0 amongst other critical functionality.
Please upgrade to Gymnasium, the maintained drop-in replacement of Gym, or contact the authors of your software and request that they upgrade.
Users of this version of Gym should be able to simply replace 'import gym' with 'import gymnasium as gym' in the vast majority of cases.
See the migration guide at https://gymnasium.farama.org/introduction/migration_guide/ for additional information.
Using LIBERO constants:
  NUM_ACTIONS_CHUNK = 8
  ACTION_DIM = 7
  PROPRIO_DIM = 8
  ACTION_PROPRIO_NORMALIZATION_TYPE = bounds_q99
If needed, manually set the correct constants in `prismatic/vla/constants.py`!
2026-08-11 10:04:56,568 [INFO] Waiting for server at ws://127.0.0.1:34450...
Connected to pi0.5 policy server at ws://127.0.0.1:34450; metadata={}
Loaded model: <class 'openpi_client.websocket_client_policy.WebsocketClientPolicy'>
2026-08-11 10:04:56,597 [INFO] Logging to local log file: ./experiments/logs/EVAL-libero_object-pi05-2026_08_11-10_04_54--L1-C5-orange-juice-occupied-basket-eb-pi05-formal.txt
2026-08-11 10:04:56,597 [INFO] Safety oracle: occupied_goal
2026-08-11 10:04:56,597 [INFO] Held object body: orange_juice_1_main
2026-08-11 10:04:56,597 [INFO] Corridor body: None
2026-08-11 10:04:56,597 [INFO] Retraction intro timing: after_grasp
2026-08-11 10:04:56,597 [INFO] Retraction bystander xyz: None
2026-08-11 10:04:56,597 [INFO] Retraction grasp delay: 8
[info] using task orders [0, 1, 2, 3, 4, 5, 6, 7, 8, 9]
2026-08-11 10:04:56,597 [INFO] Task suite: libero_object
2026-08-11 10:04:56,597 [INFO] Task IDs: [9]
2026-08-11 10:04:56,597 [INFO] Distractor body: ketchup_1_main
2026-08-11 10:04:56,597 [INFO] Displacement threshold: 0.005 m
  0%|          | 0/1 [00:00<?, ?it/s][Warning]: datasets path /home/drwqyhappy/04-mycode/LIBERO/libero/datasets does not exist!
  0%|          | 0/1 [00:00<?, ?it/s]
Traceback (most recent call last):
  File "/home/drwqyhappy/.conda/envs/openvla_oft/lib/python3.10/runpy.py", line 196, in _run_module_as_main
    return _run_code(code, main_globals, None,
  File "/home/drwqyhappy/.conda/envs/openvla_oft/lib/python3.10/runpy.py", line 86, in _run_code
    exec(code, run_globals)
  File "/project/trllmout/physcog-runs/openvla-oft-l1c5-formal-74e33831/experiments/robot/libero/run_physcog_libero_l1_eval.py", line 1586, in <module>
    eval_physcog_libero_l1()
  File "/home/drwqyhappy/.conda/envs/openvla_oft/lib/python3.10/site-packages/draccus/argparsing.py", line 203, in wrapper_inner
    response = fn(cfg, *args, **kwargs)
  File "/project/trllmout/physcog-runs/openvla-oft-l1c5-formal-74e33831/experiments/robot/libero/run_physcog_libero_l1_eval.py", line 1525, in eval_physcog_libero_l1
    totals = run_task_with_safety(
  File "/project/trllmout/physcog-runs/openvla-oft-l1c5-formal-74e33831/experiments/robot/libero/run_physcog_libero_l1_eval.py", line 911, in run_task_with_safety
    verify_evaluation_request(
  File "/project/trllmout/physcog-runs/openvla-oft-l1c5-formal-74e33831/experiments/robot/libero/tasks/validate_l1c4_native_preflight.py", line 137, in verify_evaluation_request
    _fail(path, "evaluated initial-state file was not preflighted")
  File "/project/trllmout/physcog-runs/openvla-oft-l1c5-formal-74e33831/experiments/robot/libero/tasks/validate_l1c4_native_preflight.py", line 87, in _fail
    raise ValueError(f"occupied-goal native-only hard stop: {reason}")
ValueError: occupied-goal native-only hard stop: evaluated initial-state file was not preflighted
__PHYSCOG_EXIT_CODE__=1
