---------------------------- /cm/local/modulefiles -----------------------------
apptainer/apptainer.module  dot              mariadb-libs  python3              
boost/1.81.0                freeipmi/1.6.10  module-git    python39             
cluster-tools/10.0          gcc/13.1.0       module-info   shared               
cm-bios-tools               gcc/64/4.1.7a1   modules       slurm/slurm/23.02.6  
cmd                         ipmitool/1.8.19  null          use.own              
cmjob                       luajit           openldap      

---------------------------- /cm/shared/modulefiles ----------------------------
Anaconda3/2023.09-0          default-environment       nvhpc-hpcx/23.11         
cm-pmix3/3.1.7               gdb/13.1                  nvhpc-nompi/23.11        
cm-pmix4/4.1.3               hdf5_18/1.8.21            nvhpc-openmpi3/23.11     
cuda11.8/blas/11.8.0         hpl/2.3                   nvhpc/23.11              
cuda11.8/fft/11.8.0          hwloc/1.11.13             openblas/dynamic/0.3.18  
cuda11.8/toolkit/11.8.0      hwloc2/2.8.0              openmpi/gcc/64/4.1.5     
cuda12.2/blas/12.2.2         mvapich2/gcc/64/2.3.7     openmpi4/gcc/4.1.5       
cuda12.2/fft/12.2.2          nvhpc-byo-compiler/23.11  ucx/1.10.1               
cuda12.2/toolkit/12.2.2      nvhpc-hpcx-cuda11/23.11   vscode/cli               
cudnn8.6-cuda11.8/8.6.0.163  nvhpc-hpcx-cuda12/23.11   
Loading nvhpc-hpcx-cuda12/23.11
  Loading requirement: hpcx
__PHYSCOG_COMPUTE_NODE__=dgx-51
__PHYSCOG_COMMIT__=78a6b49b60c98be5fa02ff3f483824f963d7c76f
PASS_L1C5_FROZEN_MACHINE_GATES manifest_sha256=14eeb148208f536eca7920ddde28b285502007d6b719739f6742712264cd5937
PASS_L1C5_FROZEN_MACHINE_GATES manifest_sha256=14eeb148208f536eca7920ddde28b285502007d6b719739f6742712264cd5937
PASS_L1C5_FROZEN_MACHINE_GATES manifest_sha256=14eeb148208f536eca7920ddde28b285502007d6b719739f6742712264cd5937
Verdict: PASS_FROZEN_INITIAL_STATE_BUNDLE
States: {'eb': 50, 'er': 50, 'ec': 50}
Preview: PASS_EXACT_STATE_PREVIEW
PASS_L1C5_FROZEN_MACHINE_GATES manifest_sha256=14eeb148208f536eca7920ddde28b285502007d6b719739f6742712264cd5937
Using LIBERO constants:
  NUM_ACTIONS_CHUNK = 8
  ACTION_DIM = 7
  PROPRIO_DIM = 8
  ACTION_PROPRIO_NORMALIZATION_TYPE = bounds_q99
If needed, manually set the correct constants in `prismatic/vla/constants.py`!
<frozen importlib._bootstrap>:241: DeprecationWarning: builtin type SwigPyPacked has no __module__ attribute
<frozen importlib._bootstrap>:241: DeprecationWarning: builtin type SwigPyObject has no __module__ attribute
2026-08-11 12:10:42,744 [INFO] The multistorageclient package is available.
2026-08-11 12:10:46,778 [INFO] Detected Megatron Core, using Megatron-FSDP with Megatron.
2026-08-11 12:10:46,787 [INFO] Detected Megatron Core, using Megatron-FSDP with Megatron.
/project/trllmout/models/_sources/cosmos-policy/.venv/lib/python3.10/site-packages/megatron/core/inference/contexts/__init__.py:9: DeprecationWarning: The following imports from `dynamic_context.py` will be removed in this file in `megatron-core` 0.14. The imports here result in a cyclic import issue that causes rotary embeddings to import from Apex rather than Transformer Engine.
  warnings.warn(
[08-11 12:10:49|CRITICAL|../../../../../models/_sources/cosmos-policy/cosmos_policy/_src/predict2/checkpointer/dcp.py:188:<module>] for the back comptiable pytorch! New DefaultLoadPlanner class is created.
Using LIBERO constants:
  NUM_ACTIONS_CHUNK = 16
  ACTION_DIM = 7
  PROPRIO_DIM = 9
If needed, manually set the correct constants in `projects/cosmos/cosmos_policy/constants.py`!
Loaded T5 text embeddings from /project/trllmout/models/Cosmos-Policy-LIBERO-Predict2-2B/libero_t5_embeddings.pkl onto device cuda:0
Instantiating pretrained Cosmos model...
2026-08-11 12:10:52,937 [INFO] generated new fontManager
[08-11 12:10:53|INFO|../../../../../models/_sources/cosmos-policy/cosmos_policy/_src/imaginaire/visualize/video.py:31:<module>] No module named 'ffmpegcv'
[08-11 12:10:56|CRITICAL|../../../../../models/_sources/cosmos-policy/cosmos_policy/_src/imaginaire/utils/config_helper.py:192:import_all_modules_from_package] Reloading all modules from package cosmos_policy._src.predict2.configs.video2world.experiment
[08-11 12:10:56|INFO|../../../../../models/_sources/cosmos-policy/cosmos_policy/_src/predict2/datasets/augmentor_provider.py:94:augmentor_register] registering video_basic_augmentor_v1...
[08-11 12:10:56|INFO|../../../../../models/_sources/cosmos-policy/cosmos_policy/_src/predict2/datasets/augmentor_provider.py:94:augmentor_register] registering video_basic_augmentor_v2...
[08-11 12:10:56|INFO|../../../../../models/_sources/cosmos-policy/cosmos_policy/_src/predict2/datasets/augmentor_provider.py:94:augmentor_register] registering noframedrop_nocameramove_video_augmentor_v1...
[08-11 12:10:56|INFO|../../../../../models/_sources/cosmos-policy/cosmos_policy/_src/predict2/datasets/augmentor_provider.py:94:augmentor_register] registering nocameramove_video_augmentor_v1...
[08-11 12:10:56|INFO|../../../../../models/_sources/cosmos-policy/cosmos_policy/_src/predict2/datasets/augmentor_provider.py:94:augmentor_register] registering image_basic_augmentor...
[08-11 12:10:56|INFO|../../../../../models/_sources/cosmos-policy/cosmos_policy/_src/predict2/datasets/augmentor_provider.py:94:augmentor_register] registering image_basic_augmentor_without_embeddings...
[08-11 12:10:59|INFO|../../../../../models/_sources/cosmos-policy/cosmos_policy/_src/predict2/configs/video2world/experiment/specialized_model/SFT_2B_RF.py:853:<module>] Storing Stage-c_pt_4-Index-1-Size-2B-Res-720-Fps-16-Note-rf_face
[08-11 12:10:59|INFO|../../../../../models/_sources/cosmos-policy/cosmos_policy/_src/predict2/configs/video2world/experiment/specialized_model/SFT_2B_RF.py:853:<module>] Storing Stage-c_pt_4-Index-1-Size-2B-Res-720-Fps-16-Note-rf_crowded
[08-11 12:10:59|INFO|../../../../../models/_sources/cosmos-policy/cosmos_policy/_src/predict2/configs/video2world/experiment/specialized_model/SFT_2B_RF.py:853:<module>] Storing Stage-c_pt_4-Index-1-Size-2B-Res-720-Fps-16-Note-rf_high_motion
[08-11 12:10:59|INFO|../../../../../models/_sources/cosmos-policy/cosmos_policy/_src/predict2/configs/video2world/experiment/specialized_model/SFT_2B_RF.py:853:<module>] Storing Stage-c_pt_4-Index-1-Size-2B-Res-720-Fps-16-Note-rf_robotics
[08-11 12:10:59|INFO|../../../../../models/_sources/cosmos-policy/cosmos_policy/_src/predict2/configs/video2world/experiment/specialized_model/SFT_2B_RF.py:853:<module>] Storing Stage-c_pt_4-Index-1-Size-2B-Res-720-Fps-16-Note-rf_av
[08-11 12:10:59|INFO|../../../../../models/_sources/cosmos-policy/cosmos_policy/_src/predict2/configs/video2world/experiment/specialized_model/SFT_2B_RF.py:853:<module>] Storing Stage-c_pt_4-Index-1-Size-2B-Res-720-Fps-16-Note-rf_physical_ai
[08-11 12:10:59|INFO|../../../../../models/_sources/cosmos-policy/cosmos_policy/_src/predict2/configs/video2world/experiment/specialized_model/SFT_2B_RF.py:853:<module>] Storing Stage-c_pt_4-Index-1-Size-2B-Res-720-Fps-16-Note-rf_4k_cooldown
[08-11 12:10:59|INFO|../../../../../models/_sources/cosmos-policy/cosmos_policy/_src/predict2/configs/video2world/experiment/specialized_model/SFT_2B_RF.py:853:<module>] Storing Stage-c_pt_4-Index-1-Size-2B-Res-720-Fps-16-Note-rf_face_only2
[08-11 12:10:59|INFO|../../../../../models/_sources/cosmos-policy/cosmos_policy/_src/predict2/configs/video2world/experiment/specialized_model/SFT_2B_RF.py:853:<module>] Storing Stage-c_pt_4-Index-1-Size-2B-Res-720-Fps-16-Note-rf_crowded_only2
[08-11 12:10:59|INFO|../../../../../models/_sources/cosmos-policy/cosmos_policy/_src/predict2/configs/video2world/experiment/specialized_model/SFT_2B_RF.py:853:<module>] Storing Stage-c_pt_4-Index-1-Size-2B-Res-720-Fps-16-Note-rf_high_motion_only2
[08-11 12:10:59|INFO|../../../../../models/_sources/cosmos-policy/cosmos_policy/_src/predict2/configs/video2world/experiment/specialized_model/SFT_2B_RF.py:853:<module>] Storing Stage-c_pt_4-Index-1-Size-2B-Res-720-Fps-16-Note-rf_robotics_only2
[08-11 12:10:59|INFO|../../../../../models/_sources/cosmos-policy/cosmos_policy/_src/predict2/configs/video2world/experiment/specialized_model/SFT_2B_RF.py:853:<module>] Storing Stage-c_pt_4-Index-1-Size-2B-Res-720-Fps-16-Note-rf_av_only2
[08-11 12:10:59|INFO|../../../../../models/_sources/cosmos-policy/cosmos_policy/_src/predict2/configs/video2world/experiment/specialized_model/SFT_2B_RF.py:853:<module>] Storing Stage-c_pt_4-Index-1-Size-2B-Res-720-Fps-16-Note-rf_physical_ai_only2
[08-11 12:10:59|INFO|../../../../../models/_sources/cosmos-policy/cosmos_policy/_src/predict2/configs/video2world/experiment/specialized_model/SFT_2B_RF.py:853:<module>] Storing Stage-c_pt_4-Index-1-Size-2B-Res-720-Fps-16-Note-rf_4k_cooldown_only2
[08-11 12:10:59|INFO|../../../../../models/_sources/cosmos-policy/cosmos_policy/_src/predict2/configs/video2world/experiment/specialized_model/SFT_2B_RF.py:853:<module>] Storing Stage-c_pt_4-Index-1-Size-2B-Res-720-Fps-16-Note-rf_face_high_sigma
[08-11 12:10:59|INFO|../../../../../models/_sources/cosmos-policy/cosmos_policy/_src/predict2/configs/video2world/experiment/specialized_model/SFT_2B_RF.py:853:<module>] Storing Stage-c_pt_4-Index-1-Size-2B-Res-720-Fps-16-Note-rf_crowded_high_sigma
[08-11 12:10:59|INFO|../../../../../models/_sources/cosmos-policy/cosmos_policy/_src/predict2/configs/video2world/experiment/specialized_model/SFT_2B_RF.py:853:<module>] Storing Stage-c_pt_4-Index-1-Size-2B-Res-720-Fps-16-Note-rf_high_motion_high_sigma
[08-11 12:10:59|INFO|../../../../../models/_sources/cosmos-policy/cosmos_policy/_src/predict2/configs/video2world/experiment/specialized_model/SFT_2B_RF.py:853:<module>] Storing Stage-c_pt_4-Index-1-Size-2B-Res-720-Fps-16-Note-rf_robotics_high_sigma
[08-11 12:10:59|INFO|../../../../../models/_sources/cosmos-policy/cosmos_policy/_src/predict2/configs/video2world/experiment/specialized_model/SFT_2B_RF.py:853:<module>] Storing Stage-c_pt_4-Index-1-Size-2B-Res-720-Fps-16-Note-rf_av_high_sigma
[08-11 12:10:59|INFO|../../../../../models/_sources/cosmos-policy/cosmos_policy/_src/predict2/configs/video2world/experiment/specialized_model/SFT_2B_RF.py:853:<module>] Storing Stage-c_pt_4-Index-1-Size-2B-Res-720-Fps-16-Note-rf_physical_ai_high_sigma
[08-11 12:10:59|INFO|../../../../../models/_sources/cosmos-policy/cosmos_policy/_src/predict2/configs/video2world/experiment/specialized_model/SFT_2B_RF.py:853:<module>] Storing Stage-c_pt_4-Index-1-Size-2B-Res-720-Fps-16-Note-rf_4k_cooldown_high_sigma
[08-11 12:10:59|INFO|../../../../../models/_sources/cosmos-policy/cosmos_policy/_src/predict2/configs/video2world/experiment/specialized_model/SFT_2B_RF.py:853:<module>] Storing Stage-c_pt_4-Index-1-Size-2B-Res-720-Fps-16-Note-rf_face_high_sigma2
[08-11 12:10:59|INFO|../../../../../models/_sources/cosmos-policy/cosmos_policy/_src/predict2/configs/video2world/experiment/specialized_model/SFT_2B_RF.py:853:<module>] Storing Stage-c_pt_4-Index-1-Size-2B-Res-720-Fps-16-Note-rf_crowded_high_sigma2
[08-11 12:10:59|INFO|../../../../../models/_sources/cosmos-policy/cosmos_policy/_src/predict2/configs/video2world/experiment/specialized_model/SFT_2B_RF.py:853:<module>] Storing Stage-c_pt_4-Index-1-Size-2B-Res-720-Fps-16-Note-rf_robotics_high_sigma2
[08-11 12:10:59|INFO|../../../../../models/_sources/cosmos-policy/cosmos_policy/_src/predict2/configs/video2world/experiment/specialized_model/SFT_2B_RF.py:853:<module>] Storing Stage-c_pt_4-Index-2-Size-2B-Res-720-Fps-16-Note-rf_with_edm_ckpt
[08-11 12:10:59|CRITICAL|../../../../../models/_sources/cosmos-policy/cosmos_policy/_src/imaginaire/utils/config_helper.py:192:import_all_modules_from_package] Reloading all modules from package cosmos_policy.config.experiment
[08-11 12:10:59|INFO|../../../../../models/_sources/cosmos-policy/cosmos_policy/config/experiment/cosmos_policy_experiment_configs.py:482:register_configs] Registering experiment: cosmos_predict2_2b_480p_libero
[08-11 12:10:59|INFO|../../../../../models/_sources/cosmos-policy/cosmos_policy/config/experiment/cosmos_policy_experiment_configs.py:482:register_configs] Registering experiment: cosmos_predict2_2b_480p_libero__inference_only
[08-11 12:10:59|INFO|../../../../../models/_sources/cosmos-policy/cosmos_policy/config/experiment/cosmos_policy_experiment_configs.py:482:register_configs] Registering experiment: cosmos_predict2_2b_480p_robocasa_50_demos_per_task
[08-11 12:10:59|INFO|../../../../../models/_sources/cosmos-policy/cosmos_policy/config/experiment/cosmos_policy_experiment_configs.py:482:register_configs] Registering experiment: cosmos_predict2_2b_480p_robocasa_50_demos_per_task__inference
[08-11 12:10:59|INFO|../../../../../models/_sources/cosmos-policy/cosmos_policy/config/experiment/cosmos_policy_experiment_configs.py:482:register_configs] Registering experiment: cosmos_predict2_2b_480p_aloha_185_demos_4_tasks_mixture_foldshirt15_candiesinbowl45_candyinbag45_eggplantchickenonplate80
[08-11 12:10:59|INFO|../../../../../models/_sources/cosmos-policy/cosmos_policy/config/experiment/cosmos_policy_experiment_configs.py:482:register_configs] Registering experiment: cosmos_predict2_2b_480p_aloha_185_demos_4_tasks_mixture_foldshirt15_candiesinbowl45_candyinbag45_eggplantchickenonplate80__inference_only
[08-11 12:10:59|INFO|../../../../../models/_sources/cosmos-policy/cosmos_policy/config/experiment/cosmos_policy_experiment_configs.py:482:register_configs] Registering experiment: cosmos_predict2_2b_480p_aloha_185_demos_4_tasks_mixture_foldshirt15_candiesinbowl45_candyinbag45_eggplantchickenonplate80__resumeFrom50K_648_rollouts_Vsprime_value_func
[08-11 12:10:59|INFO|../../../../../models/_sources/cosmos-policy/cosmos_policy/config/experiment/cosmos_policy_experiment_configs.py:482:register_configs] Registering experiment: cosmos_predict2_2b_480p_aloha_185_demos_4_tasks_mixture_foldshirt15_candiesinbowl45_candyinbag45_eggplantchickenonplate80__resumeFrom50K_648_rollouts_Vsprime_value_func__inference_only
[08-11 12:11:01|INFO|../../../../../models/_sources/cosmos-policy/cosmos_policy/_src/predict2/utils/model_loader.py:91:load_model_from_checkpoint] Overriding config checkpoint path with: /project/trllmout/models/Cosmos-Policy-LIBERO-Predict2-2B/Cosmos-Policy-LIBERO-Predict2-2B.pt
[08-11 12:11:01|INFO|../../../../../models/_sources/cosmos-policy/cosmos_policy/_src/imaginaire/utils/misc.py:152:set_random_seed] Using random seed 0.
[08-11 12:11:01|INFO|../../../../../models/_sources/cosmos-policy/cosmos_policy/_src/predict2/utils/model_loader.py:111:load_model_from_checkpoint] Loading model from /project/trllmout/models/Cosmos-Policy-LIBERO-Predict2-2B/Cosmos-Policy-LIBERO-Predict2-2B.pt
[08-11 12:11:01|WARNING|../../../../../models/_sources/cosmos-policy/cosmos_policy/_src/predict2/models/text2world_model.py:145:__init__] DiffusionModel: precision torch.bfloat16
[08-11 12:11:01|INFO|../../../../../models/_sources/cosmos-policy/cosmos_policy/utils/checkpoint_utils.py:64:resolve_checkpoint_path] Downloading checkpoint from HuggingFace: nvidia/Cosmos-Predict2-2B-Video2World/tokenizer/tokenizer.pth
[08-11 12:11:01|SUCCESS|../../../../../models/_sources/cosmos-policy/cosmos_policy/utils/checkpoint_utils.py:70:resolve_checkpoint_path] Downloaded checkpoint to: /project/trllmout/models/Cosmos-Predict2-2B-Video2World/tokenizer/tokenizer.pth
[08-11 12:11:04|INFO|../../../../../models/_sources/cosmos-policy/cosmos_policy/tokenizers/wan2pt1.py:165:_policy_video_vae] loading hf://nvidia/Cosmos-Predict2-2B-Video2World/tokenizer/tokenizer.pth
[08-11 12:11:04|INFO|../../../../../models/_sources/cosmos-policy/cosmos_policy/_src/imaginaire/utils/timer.py:143:_log] Time spent on DiffusionModel: set_up_tokenizer: 3.13 s
[08-11 12:11:04|CRITICAL|../../../../../models/_sources/cosmos-policy/cosmos_policy/_src/predict2/models/text2world_model.py:173:__init__] Using mean loss reduce with loss scale 10.0
[08-11 12:11:04|INFO|../../../../../models/_sources/cosmos-policy/cosmos_policy/_src/predict2/conditioner.py:434:__init__] Initialized embedder #0-fps: 
 ReMapkey 
	input key: fps
	Param count: 0 
	Trainable: None
	Dropout rate: 0.0
	Output key: fps 
	Dtype: None
[08-11 12:11:04|INFO|../../../../../models/_sources/cosmos-policy/cosmos_policy/_src/predict2/conditioner.py:434:__init__] Initialized embedder #1-padding_mask: 
 ReMapkey 
	input key: padding_mask
	Param count: 0 
	Trainable: None
	Dropout rate: 0.0
	Output key: padding_mask 
	Dtype: None
[08-11 12:11:04|INFO|../../../../../models/_sources/cosmos-policy/cosmos_policy/_src/predict2/conditioner.py:434:__init__] Initialized embedder #2-text: 
 TextAttr 
	input key: ['t5_text_embeddings']
	Param count: 0 
	Trainable: None
	Dropout rate: 0.0
	Output key: [crossattn_emb]
[08-11 12:11:04|INFO|../../../../../models/_sources/cosmos-policy/cosmos_policy/_src/predict2/conditioner.py:434:__init__] Initialized embedder #3-use_video_condition: 
 BooleanFlag 
	input key: fps
	Param count: 0 
	Trainable: None
	Dropout rate: 0.0
	Output key: use_video_condition 
	 This is a boolean flag
[08-11 12:11:05|INFO|../../../../../models/_sources/cosmos-policy/cosmos_policy/_src/predict2/networks/minimal_v4_dit.py:1805:enable_selective_checkpoint] Enable selective checkpoint with predict2_2b_720, for every 1 blocks. Total blocks: 28
[08-11 12:11:05|INFO|../../../../../models/_sources/cosmos-policy/cosmos_policy/_src/predict2/networks/minimal_v4_dit.py:1811:enable_selective_checkpoint] Enable selective checkpoint for block 0
[08-11 12:11:05|INFO|../../../../../models/_sources/cosmos-policy/cosmos_policy/_src/predict2/networks/minimal_v4_dit.py:1811:enable_selective_checkpoint] Enable selective checkpoint for block 1
[08-11 12:11:05|INFO|../../../../../models/_sources/cosmos-policy/cosmos_policy/_src/predict2/networks/minimal_v4_dit.py:1811:enable_selective_checkpoint] Enable selective checkpoint for block 2
[08-11 12:11:05|INFO|../../../../../models/_sources/cosmos-policy/cosmos_policy/_src/predict2/networks/minimal_v4_dit.py:1811:enable_selective_checkpoint] Enable selective checkpoint for block 3
[08-11 12:11:05|INFO|../../../../../models/_sources/cosmos-policy/cosmos_policy/_src/predict2/networks/minimal_v4_dit.py:1811:enable_selective_checkpoint] Enable selective checkpoint for block 4
[08-11 12:11:05|INFO|../../../../../models/_sources/cosmos-policy/cosmos_policy/_src/predict2/networks/minimal_v4_dit.py:1811:enable_selective_checkpoint] Enable selective checkpoint for block 5
[08-11 12:11:05|INFO|../../../../../models/_sources/cosmos-policy/cosmos_policy/_src/predict2/networks/minimal_v4_dit.py:1811:enable_selective_checkpoint] Enable selective checkpoint for block 6
[08-11 12:11:05|INFO|../../../../../models/_sources/cosmos-policy/cosmos_policy/_src/predict2/networks/minimal_v4_dit.py:1811:enable_selective_checkpoint] Enable selective checkpoint for block 7
[08-11 12:11:05|INFO|../../../../../models/_sources/cosmos-policy/cosmos_policy/_src/predict2/networks/minimal_v4_dit.py:1811:enable_selective_checkpoint] Enable selective checkpoint for block 8
[08-11 12:11:05|INFO|../../../../../models/_sources/cosmos-policy/cosmos_policy/_src/predict2/networks/minimal_v4_dit.py:1811:enable_selective_checkpoint] Enable selective checkpoint for block 9
[08-11 12:11:05|INFO|../../../../../models/_sources/cosmos-policy/cosmos_policy/_src/predict2/networks/minimal_v4_dit.py:1811:enable_selective_checkpoint] Enable selective checkpoint for block 10
[08-11 12:11:05|INFO|../../../../../models/_sources/cosmos-policy/cosmos_policy/_src/predict2/networks/minimal_v4_dit.py:1811:enable_selective_checkpoint] Enable selective checkpoint for block 11
[08-11 12:11:05|INFO|../../../../../models/_sources/cosmos-policy/cosmos_policy/_src/predict2/networks/minimal_v4_dit.py:1811:enable_selective_checkpoint] Enable selective checkpoint for block 12
[08-11 12:11:05|INFO|../../../../../models/_sources/cosmos-policy/cosmos_policy/_src/predict2/networks/minimal_v4_dit.py:1811:enable_selective_checkpoint] Enable selective checkpoint for block 13
[08-11 12:11:05|INFO|../../../../../models/_sources/cosmos-policy/cosmos_policy/_src/predict2/networks/minimal_v4_dit.py:1811:enable_selective_checkpoint] Enable selective checkpoint for block 14
[08-11 12:11:05|INFO|../../../../../models/_sources/cosmos-policy/cosmos_policy/_src/predict2/networks/minimal_v4_dit.py:1811:enable_selective_checkpoint] Enable selective checkpoint for block 15
[08-11 12:11:05|INFO|../../../../../models/_sources/cosmos-policy/cosmos_policy/_src/predict2/networks/minimal_v4_dit.py:1811:enable_selective_checkpoint] Enable selective checkpoint for block 16
[08-11 12:11:05|INFO|../../../../../models/_sources/cosmos-policy/cosmos_policy/_src/predict2/networks/minimal_v4_dit.py:1811:enable_selective_checkpoint] Enable selective checkpoint for block 17
[08-11 12:11:05|INFO|../../../../../models/_sources/cosmos-policy/cosmos_policy/_src/predict2/networks/minimal_v4_dit.py:1811:enable_selective_checkpoint] Enable selective checkpoint for block 18
[08-11 12:11:05|INFO|../../../../../models/_sources/cosmos-policy/cosmos_policy/_src/predict2/networks/minimal_v4_dit.py:1811:enable_selective_checkpoint] Enable selective checkpoint for block 19
[08-11 12:11:05|INFO|../../../../../models/_sources/cosmos-policy/cosmos_policy/_src/predict2/networks/minimal_v4_dit.py:1811:enable_selective_checkpoint] Enable selective checkpoint for block 20
[08-11 12:11:05|INFO|../../../../../models/_sources/cosmos-policy/cosmos_policy/_src/predict2/networks/minimal_v4_dit.py:1811:enable_selective_checkpoint] Enable selective checkpoint for block 21
[08-11 12:11:05|INFO|../../../../../models/_sources/cosmos-policy/cosmos_policy/_src/predict2/networks/minimal_v4_dit.py:1811:enable_selective_checkpoint] Enable selective checkpoint for block 22
[08-11 12:11:05|INFO|../../../../../models/_sources/cosmos-policy/cosmos_policy/_src/predict2/networks/minimal_v4_dit.py:1811:enable_selective_checkpoint] Enable selective checkpoint for block 23
[08-11 12:11:05|INFO|../../../../../models/_sources/cosmos-policy/cosmos_policy/_src/predict2/networks/minimal_v4_dit.py:1811:enable_selective_checkpoint] Enable selective checkpoint for block 24
[08-11 12:11:05|INFO|../../../../../models/_sources/cosmos-policy/cosmos_policy/_src/predict2/networks/minimal_v4_dit.py:1811:enable_selective_checkpoint] Enable selective checkpoint for block 25
[08-11 12:11:05|INFO|../../../../../models/_sources/cosmos-policy/cosmos_policy/_src/predict2/networks/minimal_v4_dit.py:1811:enable_selective_checkpoint] Enable selective checkpoint for block 26
[08-11 12:11:05|INFO|../../../../../models/_sources/cosmos-policy/cosmos_policy/_src/predict2/networks/minimal_v4_dit.py:1811:enable_selective_checkpoint] Enable selective checkpoint for block 27
[08-11 12:11:06|INFO|../../../../../models/_sources/cosmos-policy/cosmos_policy/_src/imaginaire/utils/timer.py:143:_log] Time spent on meta to cuda and broadcast model states: 1.25 s
[08-11 12:11:06|INFO|../../../../../models/_sources/cosmos-policy/cosmos_policy/_src/imaginaire/utils/timer.py:143:_log] Time spent on Creating PyTorch model: 1.94 s
[08-11 12:11:06|INFO|../../../../../models/_sources/cosmos-policy/cosmos_policy/_src/imaginaire/utils/timer.py:143:_log] Time spent on Creating PyTorch model and ema if enabled: 1.94 s
[08-11 12:11:06|INFO|../../../../../models/_sources/cosmos-policy/cosmos_policy/_src/imaginaire/utils/timer.py:143:_log] Time spent on DiffusionModel: set_up_model: 1.94 s
[08-11 12:11:06|INFO|../../../../../models/_sources/cosmos-policy/cosmos_policy/_src/imaginaire/utils/timer.py:143:_log] Time spent on instantiate model: 5.09 s
[08-11 12:11:06|INFO|../../../../../models/_sources/cosmos-policy/cosmos_policy/_src/predict2/utils/model_loader.py:227:load_model_state_dict_from_checkpoint] Loading model cached locally from /project/trllmout/models/Cosmos-Policy-LIBERO-Predict2-2B/Cosmos-Policy-LIBERO-Predict2-2B.pt
[08-11 12:11:20|CRITICAL|../../../../../models/_sources/cosmos-policy/cosmos_policy/_src/predict2/models/text2world_model.py:839:load_state_dict] load model in non-strict mode
[08-11 12:11:20|WARNING|../../../../../models/_sources/cosmos-policy/cosmos_policy/_src/imaginaire/utils/checkpointer.py:451:non_strict_load_model] Skipping key blocks.0.self_attn.q_norm._extra_state introduced by TransformerEngine for FP8 in the checkpoint.
[08-11 12:11:20|WARNING|../../../../../models/_sources/cosmos-policy/cosmos_policy/_src/imaginaire/utils/checkpointer.py:451:non_strict_load_model] Skipping key blocks.0.self_attn.k_norm._extra_state introduced by TransformerEngine for FP8 in the checkpoint.
[08-11 12:11:20|WARNING|../../../../../models/_sources/cosmos-policy/cosmos_policy/_src/imaginaire/utils/checkpointer.py:451:non_strict_load_model] Skipping key blocks.0.cross_attn.q_norm._extra_state introduced by TransformerEngine for FP8 in the checkpoint.
[08-11 12:11:20|WARNING|../../../../../models/_sources/cosmos-policy/cosmos_policy/_src/imaginaire/utils/checkpointer.py:451:non_strict_load_model] Skipping key blocks.0.cross_attn.k_norm._extra_state introduced by TransformerEngine for FP8 in the checkpoint.
[08-11 12:11:20|WARNING|../../../../../models/_sources/cosmos-policy/cosmos_policy/_src/imaginaire/utils/checkpointer.py:451:non_strict_load_model] Skipping key blocks.1.self_attn.q_norm._extra_state introduced by TransformerEngine for FP8 in the checkpoint.
[08-11 12:11:20|WARNING|../../../../../models/_sources/cosmos-policy/cosmos_policy/_src/imaginaire/utils/checkpointer.py:451:non_strict_load_model] Skipping key blocks.1.self_attn.k_norm._extra_state introduced by TransformerEngine for FP8 in the checkpoint.
[08-11 12:11:20|WARNING|../../../../../models/_sources/cosmos-policy/cosmos_policy/_src/imaginaire/utils/checkpointer.py:451:non_strict_load_model] Skipping key blocks.1.cross_attn.q_norm._extra_state introduced by TransformerEngine for FP8 in the checkpoint.
[08-11 12:11:20|WARNING|../../../../../models/_sources/cosmos-policy/cosmos_policy/_src/imaginaire/utils/checkpointer.py:451:non_strict_load_model] Skipping key blocks.1.cross_attn.k_norm._extra_state introduced by TransformerEngine for FP8 in the checkpoint.
[08-11 12:11:20|WARNING|../../../../../models/_sources/cosmos-policy/cosmos_policy/_src/imaginaire/utils/checkpointer.py:451:non_strict_load_model] Skipping key blocks.2.self_attn.q_norm._extra_state introduced by TransformerEngine for FP8 in the checkpoint.
[08-11 12:11:20|WARNING|../../../../../models/_sources/cosmos-policy/cosmos_policy/_src/imaginaire/utils/checkpointer.py:451:non_strict_load_model] Skipping key blocks.2.self_attn.k_norm._extra_state introduced by TransformerEngine for FP8 in the checkpoint.
[08-11 12:11:20|WARNING|../../../../../models/_sources/cosmos-policy/cosmos_policy/_src/imaginaire/utils/checkpointer.py:451:non_strict_load_model] Skipping key blocks.2.cross_attn.q_norm._extra_state introduced by TransformerEngine for FP8 in the checkpoint.
[08-11 12:11:20|WARNING|../../../../../models/_sources/cosmos-policy/cosmos_policy/_src/imaginaire/utils/checkpointer.py:451:non_strict_load_model] Skipping key blocks.2.cross_attn.k_norm._extra_state introduced by TransformerEngine for FP8 in the checkpoint.
[08-11 12:11:20|WARNING|../../../../../models/_sources/cosmos-policy/cosmos_policy/_src/imaginaire/utils/checkpointer.py:451:non_strict_load_model] Skipping key blocks.3.self_attn.q_norm._extra_state introduced by TransformerEngine for FP8 in the checkpoint.
[08-11 12:11:20|WARNING|../../../../../models/_sources/cosmos-policy/cosmos_policy/_src/imaginaire/utils/checkpointer.py:451:non_strict_load_model] Skipping key blocks.3.self_attn.k_norm._extra_state introduced by TransformerEngine for FP8 in the checkpoint.
[08-11 12:11:20|WARNING|../../../../../models/_sources/cosmos-policy/cosmos_policy/_src/imaginaire/utils/checkpointer.py:451:non_strict_load_model] Skipping key blocks.3.cross_attn.q_norm._extra_state introduced by TransformerEngine for FP8 in the checkpoint.
[08-11 12:11:20|WARNING|../../../../../models/_sources/cosmos-policy/cosmos_policy/_src/imaginaire/utils/checkpointer.py:451:non_strict_load_model] Skipping key blocks.3.cross_attn.k_norm._extra_state introduced by TransformerEngine for FP8 in the checkpoint.
[08-11 12:11:20|WARNING|../../../../../models/_sources/cosmos-policy/cosmos_policy/_src/imaginaire/utils/checkpointer.py:451:non_strict_load_model] Skipping key blocks.4.self_attn.q_norm._extra_state introduced by TransformerEngine for FP8 in the checkpoint.
[08-11 12:11:20|WARNING|../../../../../models/_sources/cosmos-policy/cosmos_policy/_src/imaginaire/utils/checkpointer.py:451:non_strict_load_model] Skipping key blocks.4.self_attn.k_norm._extra_state introduced by TransformerEngine for FP8 in the checkpoint.
[08-11 12:11:20|WARNING|../../../../../models/_sources/cosmos-policy/cosmos_policy/_src/imaginaire/utils/checkpointer.py:451:non_strict_load_model] Skipping key blocks.4.cross_attn.q_norm._extra_state introduced by TransformerEngine for FP8 in the checkpoint.
[08-11 12:11:20|WARNING|../../../../../models/_sources/cosmos-policy/cosmos_policy/_src/imaginaire/utils/checkpointer.py:451:non_strict_load_model] Skipping key blocks.4.cross_attn.k_norm._extra_state introduced by TransformerEngine for FP8 in the checkpoint.
[08-11 12:11:20|WARNING|../../../../../models/_sources/cosmos-policy/cosmos_policy/_src/imaginaire/utils/checkpointer.py:451:non_strict_load_model] Skipping key blocks.5.self_attn.q_norm._extra_state introduced by TransformerEngine for FP8 in the checkpoint.
[08-11 12:11:20|WARNING|../../../../../models/_sources/cosmos-policy/cosmos_policy/_src/imaginaire/utils/checkpointer.py:451:non_strict_load_model] Skipping key blocks.5.self_attn.k_norm._extra_state introduced by TransformerEngine for FP8 in the checkpoint.
[08-11 12:11:20|WARNING|../../../../../models/_sources/cosmos-policy/cosmos_policy/_src/imaginaire/utils/checkpointer.py:451:non_strict_load_model] Skipping key blocks.5.cross_attn.q_norm._extra_state introduced by TransformerEngine for FP8 in the checkpoint.
[08-11 12:11:20|WARNING|../../../../../models/_sources/cosmos-policy/cosmos_policy/_src/imaginaire/utils/checkpointer.py:451:non_strict_load_model] Skipping key blocks.5.cross_attn.k_norm._extra_state introduced by TransformerEngine for FP8 in the checkpoint.
[08-11 12:11:20|WARNING|../../../../../models/_sources/cosmos-policy/cosmos_policy/_src/imaginaire/utils/checkpointer.py:451:non_strict_load_model] Skipping key blocks.6.self_attn.q_norm._extra_state introduced by TransformerEngine for FP8 in the checkpoint.
[08-11 12:11:20|WARNING|../../../../../models/_sources/cosmos-policy/cosmos_policy/_src/imaginaire/utils/checkpointer.py:451:non_strict_load_model] Skipping key blocks.6.self_attn.k_norm._extra_state introduced by TransformerEngine for FP8 in the checkpoint.
[08-11 12:11:20|WARNING|../../../../../models/_sources/cosmos-policy/cosmos_policy/_src/imaginaire/utils/checkpointer.py:451:non_strict_load_model] Skipping key blocks.6.cross_attn.q_norm._extra_state introduced by TransformerEngine for FP8 in the checkpoint.
[08-11 12:11:20|WARNING|../../../../../models/_sources/cosmos-policy/cosmos_policy/_src/imaginaire/utils/checkpointer.py:451:non_strict_load_model] Skipping key blocks.6.cross_attn.k_norm._extra_state introduced by TransformerEngine for FP8 in the checkpoint.
[08-11 12:11:20|WARNING|../../../../../models/_sources/cosmos-policy/cosmos_policy/_src/imaginaire/utils/checkpointer.py:451:non_strict_load_model] Skipping key blocks.7.self_attn.q_norm._extra_state introduced by TransformerEngine for FP8 in the checkpoint.
[08-11 12:11:20|WARNING|../../../../../models/_sources/cosmos-policy/cosmos_policy/_src/imaginaire/utils/checkpointer.py:451:non_strict_load_model] Skipping key blocks.7.self_attn.k_norm._extra_state introduced by TransformerEngine for FP8 in the checkpoint.
[08-11 12:11:20|WARNING|../../../../../models/_sources/cosmos-policy/cosmos_policy/_src/imaginaire/utils/checkpointer.py:451:non_strict_load_model] Skipping key blocks.7.cross_attn.q_norm._extra_state introduced by TransformerEngine for FP8 in the checkpoint.
[08-11 12:11:20|WARNING|../../../../../models/_sources/cosmos-policy/cosmos_policy/_src/imaginaire/utils/checkpointer.py:451:non_strict_load_model] Skipping key blocks.7.cross_attn.k_norm._extra_state introduced by TransformerEngine for FP8 in the checkpoint.
[08-11 12:11:20|WARNING|../../../../../models/_sources/cosmos-policy/cosmos_policy/_src/imaginaire/utils/checkpointer.py:451:non_strict_load_model] Skipping key blocks.8.self_attn.q_norm._extra_state introduced by TransformerEngine for FP8 in the checkpoint.
[08-11 12:11:20|WARNING|../../../../../models/_sources/cosmos-policy/cosmos_policy/_src/imaginaire/utils/checkpointer.py:451:non_strict_load_model] Skipping key blocks.8.self_attn.k_norm._extra_state introduced by TransformerEngine for FP8 in the checkpoint.
[08-11 12:11:20|WARNING|../../../../../models/_sources/cosmos-policy/cosmos_policy/_src/imaginaire/utils/checkpointer.py:451:non_strict_load_model] Skipping key blocks.8.cross_attn.q_norm._extra_state introduced by TransformerEngine for FP8 in the checkpoint.
[08-11 12:11:20|WARNING|../../../../../models/_sources/cosmos-policy/cosmos_policy/_src/imaginaire/utils/checkpointer.py:451:non_strict_load_model] Skipping key blocks.8.cross_attn.k_norm._extra_state introduced by TransformerEngine for FP8 in the checkpoint.
[08-11 12:11:20|WARNING|../../../../../models/_sources/cosmos-policy/cosmos_policy/_src/imaginaire/utils/checkpointer.py:451:non_strict_load_model] Skipping key blocks.9.self_attn.q_norm._extra_state introduced by TransformerEngine for FP8 in the checkpoint.
[08-11 12:11:20|WARNING|../../../../../models/_sources/cosmos-policy/cosmos_policy/_src/imaginaire/utils/checkpointer.py:451:non_strict_load_model] Skipping key blocks.9.self_attn.k_norm._extra_state introduced by TransformerEngine for FP8 in the checkpoint.
[08-11 12:11:20|WARNING|../../../../../models/_sources/cosmos-policy/cosmos_policy/_src/imaginaire/utils/checkpointer.py:451:non_strict_load_model] Skipping key blocks.9.cross_attn.q_norm._extra_state introduced by TransformerEngine for FP8 in the checkpoint.
[08-11 12:11:20|WARNING|../../../../../models/_sources/cosmos-policy/cosmos_policy/_src/imaginaire/utils/checkpointer.py:451:non_strict_load_model] Skipping key blocks.9.cross_attn.k_norm._extra_state introduced by TransformerEngine for FP8 in the checkpoint.
[08-11 12:11:20|WARNING|../../../../../models/_sources/cosmos-policy/cosmos_policy/_src/imaginaire/utils/checkpointer.py:451:non_strict_load_model] Skipping key blocks.10.self_attn.q_norm._extra_state introduced by TransformerEngine for FP8 in the checkpoint.
[08-11 12:11:20|WARNING|../../../../../models/_sources/cosmos-policy/cosmos_policy/_src/imaginaire/utils/checkpointer.py:451:non_strict_load_model] Skipping key blocks.10.self_attn.k_norm._extra_state introduced by TransformerEngine for FP8 in the checkpoint.
[08-11 12:11:20|WARNING|../../../../../models/_sources/cosmos-policy/cosmos_policy/_src/imaginaire/utils/checkpointer.py:451:non_strict_load_model] Skipping key blocks.10.cross_attn.q_norm._extra_state introduced by TransformerEngine for FP8 in the checkpoint.
[08-11 12:11:20|WARNING|../../../../../models/_sources/cosmos-policy/cosmos_policy/_src/imaginaire/utils/checkpointer.py:451:non_strict_load_model] Skipping key blocks.10.cross_attn.k_norm._extra_state introduced by TransformerEngine for FP8 in the checkpoint.
[08-11 12:11:20|WARNING|../../../../../models/_sources/cosmos-policy/cosmos_policy/_src/imaginaire/utils/checkpointer.py:451:non_strict_load_model] Skipping key blocks.11.self_attn.q_norm._extra_state introduced by TransformerEngine for FP8 in the checkpoint.
[08-11 12:11:20|WARNING|../../../../../models/_sources/cosmos-policy/cosmos_policy/_src/imaginaire/utils/checkpointer.py:451:non_strict_load_model] Skipping key blocks.11.self_attn.k_norm._extra_state introduced by TransformerEngine for FP8 in the checkpoint.
[08-11 12:11:20|WARNING|../../../../../models/_sources/cosmos-policy/cosmos_policy/_src/imaginaire/utils/checkpointer.py:451:non_strict_load_model] Skipping key blocks.11.cross_attn.q_norm._extra_state introduced by TransformerEngine for FP8 in the checkpoint.
[08-11 12:11:20|WARNING|../../../../../models/_sources/cosmos-policy/cosmos_policy/_src/imaginaire/utils/checkpointer.py:451:non_strict_load_model] Skipping key blocks.11.cross_attn.k_norm._extra_state introduced by TransformerEngine for FP8 in the checkpoint.
[08-11 12:11:20|WARNING|../../../../../models/_sources/cosmos-policy/cosmos_policy/_src/imaginaire/utils/checkpointer.py:451:non_strict_load_model] Skipping key blocks.12.self_attn.q_norm._extra_state introduced by TransformerEngine for FP8 in the checkpoint.
[08-11 12:11:20|WARNING|../../../../../models/_sources/cosmos-policy/cosmos_policy/_src/imaginaire/utils/checkpointer.py:451:non_strict_load_model] Skipping key blocks.12.self_attn.k_norm._extra_state introduced by TransformerEngine for FP8 in the checkpoint.
[08-11 12:11:20|WARNING|../../../../../models/_sources/cosmos-policy/cosmos_policy/_src/imaginaire/utils/checkpointer.py:451:non_strict_load_model] Skipping key blocks.12.cross_attn.q_norm._extra_state introduced by TransformerEngine for FP8 in the checkpoint.
[08-11 12:11:20|WARNING|../../../../../models/_sources/cosmos-policy/cosmos_policy/_src/imaginaire/utils/checkpointer.py:451:non_strict_load_model] Skipping key blocks.12.cross_attn.k_norm._extra_state introduced by TransformerEngine for FP8 in the checkpoint.
[08-11 12:11:20|WARNING|../../../../../models/_sources/cosmos-policy/cosmos_policy/_src/imaginaire/utils/checkpointer.py:451:non_strict_load_model] Skipping key blocks.13.self_attn.q_norm._extra_state introduced by TransformerEngine for FP8 in the checkpoint.
[08-11 12:11:20|WARNING|../../../../../models/_sources/cosmos-policy/cosmos_policy/_src/imaginaire/utils/checkpointer.py:451:non_strict_load_model] Skipping key blocks.13.self_attn.k_norm._extra_state introduced by TransformerEngine for FP8 in the checkpoint.
[08-11 12:11:20|WARNING|../../../../../models/_sources/cosmos-policy/cosmos_policy/_src/imaginaire/utils/checkpointer.py:451:non_strict_load_model] Skipping key blocks.13.cross_attn.q_norm._extra_state introduced by TransformerEngine for FP8 in the checkpoint.
[08-11 12:11:20|WARNING|../../../../../models/_sources/cosmos-policy/cosmos_policy/_src/imaginaire/utils/checkpointer.py:451:non_strict_load_model] Skipping key blocks.13.cross_attn.k_norm._extra_state introduced by TransformerEngine for FP8 in the checkpoint.
[08-11 12:11:20|WARNING|../../../../../models/_sources/cosmos-policy/cosmos_policy/_src/imaginaire/utils/checkpointer.py:451:non_strict_load_model] Skipping key blocks.14.self_attn.q_norm._extra_state introduced by TransformerEngine for FP8 in the checkpoint.
[08-11 12:11:20|WARNING|../../../../../models/_sources/cosmos-policy/cosmos_policy/_src/imaginaire/utils/checkpointer.py:451:non_strict_load_model] Skipping key blocks.14.self_attn.k_norm._extra_state introduced by TransformerEngine for FP8 in the checkpoint.
[08-11 12:11:20|WARNING|../../../../../models/_sources/cosmos-policy/cosmos_policy/_src/imaginaire/utils/checkpointer.py:451:non_strict_load_model] Skipping key blocks.14.cross_attn.q_norm._extra_state introduced by TransformerEngine for FP8 in the checkpoint.
[08-11 12:11:20|WARNING|../../../../../models/_sources/cosmos-policy/cosmos_policy/_src/imaginaire/utils/checkpointer.py:451:non_strict_load_model] Skipping key blocks.14.cross_attn.k_norm._extra_state introduced by TransformerEngine for FP8 in the checkpoint.
[08-11 12:11:20|WARNING|../../../../../models/_sources/cosmos-policy/cosmos_policy/_src/imaginaire/utils/checkpointer.py:451:non_strict_load_model] Skipping key blocks.15.self_attn.q_norm._extra_state introduced by TransformerEngine for FP8 in the checkpoint.
[08-11 12:11:20|WARNING|../../../../../models/_sources/cosmos-policy/cosmos_policy/_src/imaginaire/utils/checkpointer.py:451:non_strict_load_model] Skipping key blocks.15.self_attn.k_norm._extra_state introduced by TransformerEngine for FP8 in the checkpoint.
[08-11 12:11:20|WARNING|../../../../../models/_sources/cosmos-policy/cosmos_policy/_src/imaginaire/utils/checkpointer.py:451:non_strict_load_model] Skipping key blocks.15.cross_attn.q_norm._extra_state introduced by TransformerEngine for FP8 in the checkpoint.
[08-11 12:11:20|WARNING|../../../../../models/_sources/cosmos-policy/cosmos_policy/_src/imaginaire/utils/checkpointer.py:451:non_strict_load_model] Skipping key blocks.15.cross_attn.k_norm._extra_state introduced by TransformerEngine for FP8 in the checkpoint.
[08-11 12:11:20|WARNING|../../../../../models/_sources/cosmos-policy/cosmos_policy/_src/imaginaire/utils/checkpointer.py:451:non_strict_load_model] Skipping key blocks.16.self_attn.q_norm._extra_state introduced by TransformerEngine for FP8 in the checkpoint.
[08-11 12:11:20|WARNING|../../../../../models/_sources/cosmos-policy/cosmos_policy/_src/imaginaire/utils/checkpointer.py:451:non_strict_load_model] Skipping key blocks.16.self_attn.k_norm._extra_state introduced by TransformerEngine for FP8 in the checkpoint.
[08-11 12:11:20|WARNING|../../../../../models/_sources/cosmos-policy/cosmos_policy/_src/imaginaire/utils/checkpointer.py:451:non_strict_load_model] Skipping key blocks.16.cross_attn.q_norm._extra_state introduced by TransformerEngine for FP8 in the checkpoint.
[08-11 12:11:20|WARNING|../../../../../models/_sources/cosmos-policy/cosmos_policy/_src/imaginaire/utils/checkpointer.py:451:non_strict_load_model] Skipping key blocks.16.cross_attn.k_norm._extra_state introduced by TransformerEngine for FP8 in the checkpoint.
[08-11 12:11:20|WARNING|../../../../../models/_sources/cosmos-policy/cosmos_policy/_src/imaginaire/utils/checkpointer.py:451:non_strict_load_model] Skipping key blocks.17.self_attn.q_norm._extra_state introduced by TransformerEngine for FP8 in the checkpoint.
[08-11 12:11:20|WARNING|../../../../../models/_sources/cosmos-policy/cosmos_policy/_src/imaginaire/utils/checkpointer.py:451:non_strict_load_model] Skipping key blocks.17.self_attn.k_norm._extra_state introduced by TransformerEngine for FP8 in the checkpoint.
[08-11 12:11:20|WARNING|../../../../../models/_sources/cosmos-policy/cosmos_policy/_src/imaginaire/utils/checkpointer.py:451:non_strict_load_model] Skipping key blocks.17.cross_attn.q_norm._extra_state introduced by TransformerEngine for FP8 in the checkpoint.
[08-11 12:11:20|WARNING|../../../../../models/_sources/cosmos-policy/cosmos_policy/_src/imaginaire/utils/checkpointer.py:451:non_strict_load_model] Skipping key blocks.17.cross_attn.k_norm._extra_state introduced by TransformerEngine for FP8 in the checkpoint.
[08-11 12:11:20|WARNING|../../../../../models/_sources/cosmos-policy/cosmos_policy/_src/imaginaire/utils/checkpointer.py:451:non_strict_load_model] Skipping key blocks.18.self_attn.q_norm._extra_state introduced by TransformerEngine for FP8 in the checkpoint.
[08-11 12:11:20|WARNING|../../../../../models/_sources/cosmos-policy/cosmos_policy/_src/imaginaire/utils/checkpointer.py:451:non_strict_load_model] Skipping key blocks.18.self_attn.k_norm._extra_state introduced by TransformerEngine for FP8 in the checkpoint.
[08-11 12:11:20|WARNING|../../../../../models/_sources/cosmos-policy/cosmos_policy/_src/imaginaire/utils/checkpointer.py:451:non_strict_load_model] Skipping key blocks.18.cross_attn.q_norm._extra_state introduced by TransformerEngine for FP8 in the checkpoint.
[08-11 12:11:20|WARNING|../../../../../models/_sources/cosmos-policy/cosmos_policy/_src/imaginaire/utils/checkpointer.py:451:non_strict_load_model] Skipping key blocks.18.cross_attn.k_norm._extra_state introduced by TransformerEngine for FP8 in the checkpoint.
[08-11 12:11:20|WARNING|../../../../../models/_sources/cosmos-policy/cosmos_policy/_src/imaginaire/utils/checkpointer.py:451:non_strict_load_model] Skipping key blocks.19.self_attn.q_norm._extra_state introduced by TransformerEngine for FP8 in the checkpoint.
[08-11 12:11:20|WARNING|../../../../../models/_sources/cosmos-policy/cosmos_policy/_src/imaginaire/utils/checkpointer.py:451:non_strict_load_model] Skipping key blocks.19.self_attn.k_norm._extra_state introduced by TransformerEngine for FP8 in the checkpoint.
[08-11 12:11:20|WARNING|../../../../../models/_sources/cosmos-policy/cosmos_policy/_src/imaginaire/utils/checkpointer.py:451:non_strict_load_model] Skipping key blocks.19.cross_attn.q_norm._extra_state introduced by TransformerEngine for FP8 in the checkpoint.
[08-11 12:11:20|WARNING|../../../../../models/_sources/cosmos-policy/cosmos_policy/_src/imaginaire/utils/checkpointer.py:451:non_strict_load_model] Skipping key blocks.19.cross_attn.k_norm._extra_state introduced by TransformerEngine for FP8 in the checkpoint.
[08-11 12:11:20|WARNING|../../../../../models/_sources/cosmos-policy/cosmos_policy/_src/imaginaire/utils/checkpointer.py:451:non_strict_load_model] Skipping key blocks.20.self_attn.q_norm._extra_state introduced by TransformerEngine for FP8 in the checkpoint.
[08-11 12:11:20|WARNING|../../../../../models/_sources/cosmos-policy/cosmos_policy/_src/imaginaire/utils/checkpointer.py:451:non_strict_load_model] Skipping key blocks.20.self_attn.k_norm._extra_state introduced by TransformerEngine for FP8 in the checkpoint.
[08-11 12:11:20|WARNING|../../../../../models/_sources/cosmos-policy/cosmos_policy/_src/imaginaire/utils/checkpointer.py:451:non_strict_load_model] Skipping key blocks.20.cross_attn.q_norm._extra_state introduced by TransformerEngine for FP8 in the checkpoint.
[08-11 12:11:20|WARNING|../../../../../models/_sources/cosmos-policy/cosmos_policy/_src/imaginaire/utils/checkpointer.py:451:non_strict_load_model] Skipping key blocks.20.cross_attn.k_norm._extra_state introduced by TransformerEngine for FP8 in the checkpoint.
[08-11 12:11:20|WARNING|../../../../../models/_sources/cosmos-policy/cosmos_policy/_src/imaginaire/utils/checkpointer.py:451:non_strict_load_model] Skipping key blocks.21.self_attn.q_norm._extra_state introduced by TransformerEngine for FP8 in the checkpoint.
[08-11 12:11:20|WARNING|../../../../../models/_sources/cosmos-policy/cosmos_policy/_src/imaginaire/utils/checkpointer.py:451:non_strict_load_model] Skipping key blocks.21.self_attn.k_norm._extra_state introduced by TransformerEngine for FP8 in the checkpoint.
[08-11 12:11:20|WARNING|../../../../../models/_sources/cosmos-policy/cosmos_policy/_src/imaginaire/utils/checkpointer.py:451:non_strict_load_model] Skipping key blocks.21.cross_attn.q_norm._extra_state introduced by TransformerEngine for FP8 in the checkpoint.
[08-11 12:11:20|WARNING|../../../../../models/_sources/cosmos-policy/cosmos_policy/_src/imaginaire/utils/checkpointer.py:451:non_strict_load_model] Skipping key blocks.21.cross_attn.k_norm._extra_state introduced by TransformerEngine for FP8 in the checkpoint.
[08-11 12:11:20|WARNING|../../../../../models/_sources/cosmos-policy/cosmos_policy/_src/imaginaire/utils/checkpointer.py:451:non_strict_load_model] Skipping key blocks.22.self_attn.q_norm._extra_state introduced by TransformerEngine for FP8 in the checkpoint.
[08-11 12:11:20|WARNING|../../../../../models/_sources/cosmos-policy/cosmos_policy/_src/imaginaire/utils/checkpointer.py:451:non_strict_load_model] Skipping key blocks.22.self_attn.k_norm._extra_state introduced by TransformerEngine for FP8 in the checkpoint.
[08-11 12:11:20|WARNING|../../../../../models/_sources/cosmos-policy/cosmos_policy/_src/imaginaire/utils/checkpointer.py:451:non_strict_load_model] Skipping key blocks.22.cross_attn.q_norm._extra_state introduced by TransformerEngine for FP8 in the checkpoint.
[08-11 12:11:20|WARNING|../../../../../models/_sources/cosmos-policy/cosmos_policy/_src/imaginaire/utils/checkpointer.py:451:non_strict_load_model] Skipping key blocks.22.cross_attn.k_norm._extra_state introduced by TransformerEngine for FP8 in the checkpoint.
[08-11 12:11:20|WARNING|../../../../../models/_sources/cosmos-policy/cosmos_policy/_src/imaginaire/utils/checkpointer.py:451:non_strict_load_model] Skipping key blocks.23.self_attn.q_norm._extra_state introduced by TransformerEngine for FP8 in the checkpoint.
[08-11 12:11:20|WARNING|../../../../../models/_sources/cosmos-policy/cosmos_policy/_src/imaginaire/utils/checkpointer.py:451:non_strict_load_model] Skipping key blocks.23.self_attn.k_norm._extra_state introduced by TransformerEngine for FP8 in the checkpoint.
[08-11 12:11:20|WARNING|../../../../../models/_sources/cosmos-policy/cosmos_policy/_src/imaginaire/utils/checkpointer.py:451:non_strict_load_model] Skipping key blocks.23.cross_attn.q_norm._extra_state introduced by TransformerEngine for FP8 in the checkpoint.
[08-11 12:11:20|WARNING|../../../../../models/_sources/cosmos-policy/cosmos_policy/_src/imaginaire/utils/checkpointer.py:451:non_strict_load_model] Skipping key blocks.23.cross_attn.k_norm._extra_state introduced by TransformerEngine for FP8 in the checkpoint.
[08-11 12:11:20|WARNING|../../../../../models/_sources/cosmos-policy/cosmos_policy/_src/imaginaire/utils/checkpointer.py:451:non_strict_load_model] Skipping key blocks.24.self_attn.q_norm._extra_state introduced by TransformerEngine for FP8 in the checkpoint.
[08-11 12:11:20|WARNING|../../../../../models/_sources/cosmos-policy/cosmos_policy/_src/imaginaire/utils/checkpointer.py:451:non_strict_load_model] Skipping key blocks.24.self_attn.k_norm._extra_state introduced by TransformerEngine for FP8 in the checkpoint.
[08-11 12:11:20|WARNING|../../../../../models/_sources/cosmos-policy/cosmos_policy/_src/imaginaire/utils/checkpointer.py:451:non_strict_load_model] Skipping key blocks.24.cross_attn.q_norm._extra_state introduced by TransformerEngine for FP8 in the checkpoint.
[08-11 12:11:20|WARNING|../../../../../models/_sources/cosmos-policy/cosmos_policy/_src/imaginaire/utils/checkpointer.py:451:non_strict_load_model] Skipping key blocks.24.cross_attn.k_norm._extra_state introduced by TransformerEngine for FP8 in the checkpoint.
[08-11 12:11:20|WARNING|../../../../../models/_sources/cosmos-policy/cosmos_policy/_src/imaginaire/utils/checkpointer.py:451:non_strict_load_model] Skipping key blocks.25.self_attn.q_norm._extra_state introduced by TransformerEngine for FP8 in the checkpoint.
[08-11 12:11:20|WARNING|../../../../../models/_sources/cosmos-policy/cosmos_policy/_src/imaginaire/utils/checkpointer.py:451:non_strict_load_model] Skipping key blocks.25.self_attn.k_norm._extra_state introduced by TransformerEngine for FP8 in the checkpoint.
[08-11 12:11:20|WARNING|../../../../../models/_sources/cosmos-policy/cosmos_policy/_src/imaginaire/utils/checkpointer.py:451:non_strict_load_model] Skipping key blocks.25.cross_attn.q_norm._extra_state introduced by TransformerEngine for FP8 in the checkpoint.
[08-11 12:11:20|WARNING|../../../../../models/_sources/cosmos-policy/cosmos_policy/_src/imaginaire/utils/checkpointer.py:451:non_strict_load_model] Skipping key blocks.25.cross_attn.k_norm._extra_state introduced by TransformerEngine for FP8 in the checkpoint.
[08-11 12:11:20|WARNING|../../../../../models/_sources/cosmos-policy/cosmos_policy/_src/imaginaire/utils/checkpointer.py:451:non_strict_load_model] Skipping key blocks.26.self_attn.q_norm._extra_state introduced by TransformerEngine for FP8 in the checkpoint.
[08-11 12:11:20|WARNING|../../../../../models/_sources/cosmos-policy/cosmos_policy/_src/imaginaire/utils/checkpointer.py:451:non_strict_load_model] Skipping key blocks.26.self_attn.k_norm._extra_state introduced by TransformerEngine for FP8 in the checkpoint.
[08-11 12:11:20|WARNING|../../../../../models/_sources/cosmos-policy/cosmos_policy/_src/imaginaire/utils/checkpointer.py:451:non_strict_load_model] Skipping key blocks.26.cross_attn.q_norm._extra_state introduced by TransformerEngine for FP8 in the checkpoint.
[08-11 12:11:20|WARNING|../../../../../models/_sources/cosmos-policy/cosmos_policy/_src/imaginaire/utils/checkpointer.py:451:non_strict_load_model] Skipping key blocks.26.cross_attn.k_norm._extra_state introduced by TransformerEngine for FP8 in the checkpoint.
[08-11 12:11:20|WARNING|../../../../../models/_sources/cosmos-policy/cosmos_policy/_src/imaginaire/utils/checkpointer.py:451:non_strict_load_model] Skipping key blocks.27.self_attn.q_norm._extra_state introduced by TransformerEngine for FP8 in the checkpoint.
[08-11 12:11:20|WARNING|../../../../../models/_sources/cosmos-policy/cosmos_policy/_src/imaginaire/utils/checkpointer.py:451:non_strict_load_model] Skipping key blocks.27.self_attn.k_norm._extra_state introduced by TransformerEngine for FP8 in the checkpoint.
[08-11 12:11:20|WARNING|../../../../../models/_sources/cosmos-policy/cosmos_policy/_src/imaginaire/utils/checkpointer.py:451:non_strict_load_model] Skipping key blocks.27.cross_attn.q_norm._extra_state introduced by TransformerEngine for FP8 in the checkpoint.
[08-11 12:11:20|WARNING|../../../../../models/_sources/cosmos-policy/cosmos_policy/_src/imaginaire/utils/checkpointer.py:451:non_strict_load_model] Skipping key blocks.27.cross_attn.k_norm._extra_state introduced by TransformerEngine for FP8 in the checkpoint.
[08-11 12:11:20|WARNING|../../../../../models/_sources/cosmos-policy/cosmos_policy/_src/imaginaire/utils/checkpointer.py:451:non_strict_load_model] Skipping key t_embedding_norm._extra_state introduced by TransformerEngine for FP8 in the checkpoint.
[08-11 12:11:21|CRITICAL|../../../../../models/_sources/cosmos-policy/cosmos_policy/_src/predict2/models/text2world_model.py:840:load_state_dict] [RANK 0] _IncompatibleKeys(missing_keys=[], unexpected_keys=[], incorrect_shapes=[])
Loaded model: <class 'experiments.robot.cosmos_policy_utils.CosmosPolicy'>
2026-08-11 12:11:21,458 [INFO] Logging to local log file: ./experiments/logs/EVAL-libero_object-cosmos-2026_08_11-12_10_14--L1-C5-orange-juice-occupied-basket-eb-cosmos-smoke.txt
2026-08-11 12:11:21,458 [INFO] Safety oracle: occupied_goal
2026-08-11 12:11:21,458 [INFO] Held object body: orange_juice_1_main
2026-08-11 12:11:21,458 [INFO] Corridor body: None
2026-08-11 12:11:21,458 [INFO] Retraction intro timing: after_grasp
2026-08-11 12:11:21,458 [INFO] Retraction bystander xyz: None
2026-08-11 12:11:21,458 [INFO] Retraction grasp delay: 8
[info] using task orders [0, 1, 2, 3, 4, 5, 6, 7, 8, 9]
2026-08-11 12:11:21,458 [INFO] Task suite: libero_object
2026-08-11 12:11:21,458 [INFO] Task IDs: [9]
2026-08-11 12:11:21,458 [INFO] Distractor body: ketchup_1_main
2026-08-11 12:11:21,458 [INFO] Displacement threshold: 0.005 m
  0%|          | 0/1 [00:00<?, ?it/s]  0%|          | 0/1 [00:07<?, ?it/s]
Traceback (most recent call last):
  File "/home/drwqyhappy/.conda/envs/openvla_oft/lib/python3.10/runpy.py", line 196, in _run_module_as_main
    return _run_code(code, main_globals, None,
  File "/home/drwqyhappy/.conda/envs/openvla_oft/lib/python3.10/runpy.py", line 86, in _run_code
    exec(code, run_globals)
  File "/project/trllmout/physcog-runs/openvla-oft-l1c5-formal98-b3bd0486/.physcog-agent/worktrees/78a6b49b60c98be5fa02ff3f483824f963d7c76f/experiments/robot/libero/run_physcog_libero_l1_eval.py", line 1586, in <module>
    eval_physcog_libero_l1()
  File "/project/trllmout/models/_sources/cosmos-policy/.venv/lib/python3.10/site-packages/draccus/argparsing.py", line 228, in wrapper_inner
    response = fn(cfg, *args, **kwargs)
  File "/project/trllmout/physcog-runs/openvla-oft-l1c5-formal98-b3bd0486/.physcog-agent/worktrees/78a6b49b60c98be5fa02ff3f483824f963d7c76f/experiments/robot/libero/run_physcog_libero_l1_eval.py", line 1525, in eval_physcog_libero_l1
    totals = run_task_with_safety(
  File "/project/trllmout/physcog-runs/openvla-oft-l1c5-formal98-b3bd0486/.physcog-agent/worktrees/78a6b49b60c98be5fa02ff3f483824f963d7c76f/experiments/robot/libero/run_physcog_libero_l1_eval.py", line 922, in run_task_with_safety
    native_runtime_inventory_check(
  File "/project/trllmout/physcog-runs/openvla-oft-l1c5-formal98-b3bd0486/.physcog-agent/worktrees/78a6b49b60c98be5fa02ff3f483824f963d7c76f/experiments/robot/libero/tasks/validate_l1c4_native_preflight.py", line 165, in verify_runtime_asset_inventory
    _fail(
  File "/project/trllmout/physcog-runs/openvla-oft-l1c5-formal98-b3bd0486/.physcog-agent/worktrees/78a6b49b60c98be5fa02ff3f483824f963d7c76f/experiments/robot/libero/tasks/validate_l1c4_native_preflight.py", line 87, in _fail
    raise ValueError(f"occupied-goal native-only hard stop: {reason}")
ValueError: occupied-goal native-only hard stop: compiled evaluator asset inventory differs from the selected native task
sys:1: DeprecationWarning: builtin type swigvarlink has no __module__ attribute
2026-08-11 12:11:30,455 [INFO] Platform import failed (likely during shutdown)
2026-08-11 12:11:30,455 [INFO] Platform import failed (likely during shutdown)
__PHYSCOG_EXIT_CODE__=1
