---------------------------- /cm/local/modulefiles -----------------------------
apptainer/apptainer.module  dot              mariadb-libs  python3              
boost/1.81.0                freeipmi/1.6.10  module-git    python39             
cluster-tools/10.0          gcc/13.1.0       module-info   shared               
cm-bios-tools               gcc/64/4.1.7a1   modules       slurm/slurm/23.02.6  
cmd                         ipmitool/1.8.19  null          use.own              
cmjob                       luajit           openldap      

---------------------------- /cm/shared/modulefiles ----------------------------
Anaconda3/2023.09-0          default-environment       nvhpc-hpcx/23.11         
cm-pmix3/3.1.7               gdb/13.1                  nvhpc-nompi/23.11        
cm-pmix4/4.1.3               hdf5_18/1.8.21            nvhpc-openmpi3/23.11     
cuda11.8/blas/11.8.0         hpl/2.3                   nvhpc/23.11              
cuda11.8/fft/11.8.0          hwloc/1.11.13             openblas/dynamic/0.3.18  
cuda11.8/toolkit/11.8.0      hwloc2/2.8.0              openmpi/gcc/64/4.1.5     
cuda12.2/blas/12.2.2         mvapich2/gcc/64/2.3.7     openmpi4/gcc/4.1.5       
cuda12.2/fft/12.2.2          nvhpc-byo-compiler/23.11  ucx/1.10.1               
cuda12.2/toolkit/12.2.2      nvhpc-hpcx-cuda11/23.11   vscode/cli               
cudnn8.6-cuda11.8/8.6.0.163  nvhpc-hpcx-cuda12/23.11   
Loading nvhpc-hpcx-cuda12/23.11
  Loading requirement: hpcx
__PHYSCOG_COMPUTE_NODE__=dgx-51
__PHYSCOG_COMMIT__=5ce8721e2bfd5262b12a7f64275906016e247490
PASS_L1C5_FROZEN_MACHINE_GATES manifest_sha256=14eeb148208f536eca7920ddde28b285502007d6b719739f6742712264cd5937
[robosuite WARNING] No private macro file found! (macros.py:53)
[robosuite WARNING] It is recommended to use a private macro file (macros.py:54)
[robosuite WARNING] To setup, run: python /home/drwqyhappy/.conda/envs/openvla_oft/lib/python3.10/site-packages/robosuite/scripts/setup_macros.py (macros.py:55)
Gym has been unmaintained since 2022 and does not support NumPy 2.0 amongst other critical functionality.
Please upgrade to Gymnasium, the maintained drop-in replacement of Gym, or contact the authors of your software and request that they upgrade.
Users of this version of Gym should be able to simply replace 'import gym' with 'import gymnasium as gym' in the vast majority of cases.
See the migration guide at https://gymnasium.farama.org/introduction/migration_guide/ for additional information.
[info] using task orders [0, 1, 2, 3, 4, 5, 6, 7, 8, 9]
Verdict: PASS_NATIVE_ONLY_PREFLIGHT
JSON: experiments/logs/l1c5_cosmos-preview_gate/l1c5_native_preflight.json
Report: experiments/logs/l1c5_cosmos-preview_gate/l1c5_native_preflight.md
[robosuite WARNING] No private macro file found! (macros.py:53)
[robosuite WARNING] It is recommended to use a private macro file (macros.py:54)
[robosuite WARNING] To setup, run: python /home/drwqyhappy/.conda/envs/openvla_oft/lib/python3.10/site-packages/robosuite/scripts/setup_macros.py (macros.py:55)
Gym has been unmaintained since 2022 and does not support NumPy 2.0 amongst other critical functionality.
Please upgrade to Gymnasium, the maintained drop-in replacement of Gym, or contact the authors of your software and request that they upgrade.
Users of this version of Gym should be able to simply replace 'import gym' with 'import gymnasium as gym' in the vast majority of cases.
See the migration guide at https://gymnasium.farama.org/introduction/migration_guide/ for additional information.
eb[00] visible=755/755px anchor=3099/2977px target=525/685px in_goal=0 world_drift=0.0000m relative_drift=0.0385m gate_rotation=0.00deg anchor_excess=0.0000m contacts=0 pass=1
eb[01] visible=755/755px anchor=3063/2928px target=525/685px in_goal=0 world_drift=0.0000m relative_drift=0.0385m gate_rotation=0.00deg anchor_excess=0.0000m contacts=0 pass=1
eb[02] visible=755/755px anchor=3142/3017px target=525/685px in_goal=0 world_drift=0.0000m relative_drift=0.0385m gate_rotation=0.00deg anchor_excess=0.0000m contacts=0 pass=1
eb[03] visible=755/755px anchor=3134/3022px target=525/686px in_goal=0 world_drift=0.0000m relative_drift=0.0385m gate_rotation=0.00deg anchor_excess=0.0000m contacts=0 pass=1
eb[04] visible=755/755px anchor=3170/3046px target=525/685px in_goal=0 world_drift=0.0000m relative_drift=0.0384m gate_rotation=0.00deg anchor_excess=0.0000m contacts=0 pass=1
er[00] visible=232/233px anchor=2867/2743px target=525/685px in_goal=1 world_drift=0.0398m relative_drift=0.0000m gate_rotation=0.04deg anchor_excess=0.0000m contacts=0 pass=1
er[01] visible=233/234px anchor=2828/2693px target=525/685px in_goal=1 world_drift=0.0398m relative_drift=0.0000m gate_rotation=0.04deg anchor_excess=0.0000m contacts=0 pass=1
er[02] visible=235/236px anchor=2907/2781px target=525/685px in_goal=1 world_drift=0.0398m relative_drift=0.0000m gate_rotation=0.04deg anchor_excess=0.0000m contacts=0 pass=1
er[03] visible=244/243px anchor=2890/2778px target=525/686px in_goal=1 world_drift=0.0398m relative_drift=0.0000m gate_rotation=0.04deg anchor_excess=0.0000m contacts=0 pass=1
er[04] visible=248/250px anchor=2922/2796px target=525/685px in_goal=1 world_drift=0.0398m relative_drift=0.0000m gate_rotation=0.04deg anchor_excess=0.0000m contacts=0 pass=1
ec[00] visible=780/780px anchor=3099/2977px target=525/685px in_goal=0 world_drift=0.0000m relative_drift=0.0385m gate_rotation=0.00deg anchor_excess=0.0000m contacts=0 pass=1
ec[01] visible=780/780px anchor=3063/2928px target=525/685px in_goal=0 world_drift=0.0000m relative_drift=0.0385m gate_rotation=0.00deg anchor_excess=0.0000m contacts=0 pass=1
ec[02] visible=780/780px anchor=3142/3017px target=525/685px in_goal=0 world_drift=0.0000m relative_drift=0.0385m gate_rotation=0.00deg anchor_excess=0.0000m contacts=0 pass=1
ec[03] visible=780/780px anchor=3134/3022px target=525/686px in_goal=0 world_drift=0.0000m relative_drift=0.0385m gate_rotation=0.00deg anchor_excess=0.0000m contacts=0 pass=1
ec[04] visible=780/780px anchor=3170/3046px target=525/685px in_goal=0 world_drift=0.0000m relative_drift=0.0384m gate_rotation=0.00deg anchor_excess=0.0000m contacts=0 pass=1
Preview written to review/L1-C5_task/cosmos_preview
Verdict: PASS_EXACT_STATE_PREVIEW
Report: experiments/logs/l1c5_cosmos-preview_gate/l1c5_exact_state_preview.md
Manifest: review/L1-C5_task/cosmos_preview/manifest.json
PASS_MODEL_SPECIFIC_POLICY_VIEW_PREVIEW
Review artifacts: review/L1-C5_task/cosmos_preview
Review manifest SHA-256: 84aa0a15a1fca6e0473e8767827d76d6f06a6dd8d1c9a858b70992e5477ce54c
__PHYSCOG_EXIT_CODE__=0
