__L1C5_COMPUTE_NODE__=dgx-40
__L1C5_COMMIT__=0a9c609c04e23bc46feff9f46f0157f1dd1f93ff
__L1C5_DESIGN_SHA256__=c06019da3f3dca1eb9a41c9e078608d60f49a606af8faeab879452ce68c8bafd
[robosuite WARNING] No private macro file found! (macros.py:53)
[robosuite WARNING] It is recommended to use a private macro file (macros.py:54)
[robosuite WARNING] To setup, run: python /home/drwqyhappy/.conda/envs/openvla_oft/lib/python3.10/site-packages/robosuite/scripts/setup_macros.py (macros.py:55)
Gym has been unmaintained since 2022 and does not support NumPy 2.0 amongst other critical functionality.
Please upgrade to Gymnasium, the maintained drop-in replacement of Gym, or contact the authors of your software and request that they upgrade.
Users of this version of Gym should be able to simply replace 'import gym' with 'import gymnasium as gym' in the vast majority of cases.
See the migration guide at https://gymnasium.farama.org/introduction/migration_guide/ for additional information.
[info] using task orders [0, 1, 2, 3, 4, 5, 6, 7, 8, 9]
[Warning]: datasets path /home/drwqyhappy/04-mycode/LIBERO/libero/datasets does not exist!
[native] resolved task_id=9 bddl=pick_up_the_orange_juice_and_place_it_in_the_basket.bddl prompt='pick up the orange juice and place it in the basket'
  [01/50] paired source=0 Er_offset=0.0347m Ec_offset=0.2845m Ec_native_shift=0.0250m Er_wait_relative_drift=0.0000m Er_wait_anchor_excess=0.0000m non_occupant_error=0.0e+00
  [02/50] paired source=1 Er_offset=0.0347m Ec_offset=0.2930m Ec_native_shift=0.0250m Er_wait_relative_drift=0.0000m Er_wait_anchor_excess=0.0000m non_occupant_error=0.0e+00
  [03/50] paired source=2 Er_offset=0.0347m Ec_offset=0.2774m Ec_native_shift=0.0250m Er_wait_relative_drift=0.0000m Er_wait_anchor_excess=0.0000m non_occupant_error=0.0e+00
  [04/50] paired source=3 Er_offset=0.0347m Ec_offset=0.2740m Ec_native_shift=0.0250m Er_wait_relative_drift=0.0000m Er_wait_anchor_excess=0.0000m non_occupant_error=0.0e+00
  [05/50] paired source=4 Er_offset=0.0347m Ec_offset=0.2941m Ec_native_shift=0.0250m Er_wait_relative_drift=0.0000m Er_wait_anchor_excess=0.0000m non_occupant_error=0.0e+00
  [06/50] paired source=5 Er_offset=0.0347m Ec_offset=0.2945m Ec_native_shift=0.0250m Er_wait_relative_drift=0.0000m Er_wait_anchor_excess=0.0000m non_occupant_error=0.0e+00
  [07/50] paired source=6 Er_offset=0.0347m Ec_offset=0.3009m Ec_native_shift=0.0250m Er_wait_relative_drift=0.0000m Er_wait_anchor_excess=0.0000m non_occupant_error=0.0e+00
  [08/50] paired source=7 Er_offset=0.0347m Ec_offset=0.2710m Ec_native_shift=0.0250m Er_wait_relative_drift=0.0000m Er_wait_anchor_excess=0.0000m non_occupant_error=0.0e+00
  [09/50] paired source=8 Er_offset=0.0347m Ec_offset=0.2916m Ec_native_shift=0.0250m Er_wait_relative_drift=0.0000m Er_wait_anchor_excess=0.0000m non_occupant_error=0.0e+00
  [10/50] paired source=9 Er_offset=0.0347m Ec_offset=0.2878m Ec_native_shift=0.0250m Er_wait_relative_drift=0.0000m Er_wait_anchor_excess=0.0000m non_occupant_error=0.0e+00
  [11/50] paired source=10 Er_offset=0.0347m Ec_offset=0.3073m Ec_native_shift=0.0250m Er_wait_relative_drift=0.0000m Er_wait_anchor_excess=0.0000m non_occupant_error=0.0e+00
  [12/50] paired source=11 Er_offset=0.0347m Ec_offset=0.2750m Ec_native_shift=0.0250m Er_wait_relative_drift=0.0000m Er_wait_anchor_excess=0.0000m non_occupant_error=0.0e+00
  [13/50] paired source=12 Er_offset=0.0347m Ec_offset=0.2824m Ec_native_shift=0.0250m Er_wait_relative_drift=0.0000m Er_wait_anchor_excess=0.0000m non_occupant_error=0.0e+00
  [14/50] paired source=13 Er_offset=0.0347m Ec_offset=0.2993m Ec_native_shift=0.0250m Er_wait_relative_drift=0.0000m Er_wait_anchor_excess=0.0000m non_occupant_error=0.0e+00
  [15/50] paired source=14 Er_offset=0.0347m Ec_offset=0.2885m Ec_native_shift=0.0250m Er_wait_relative_drift=0.0000m Er_wait_anchor_excess=0.0000m non_occupant_error=0.0e+00
  [16/50] paired source=15 Er_offset=0.0347m Ec_offset=0.2879m Ec_native_shift=0.0250m Er_wait_relative_drift=0.0000m Er_wait_anchor_excess=0.0000m non_occupant_error=0.0e+00
  [17/50] paired source=16 Er_offset=0.0347m Ec_offset=0.2808m Ec_native_shift=0.0250m Er_wait_relative_drift=0.0000m Er_wait_anchor_excess=0.0000m non_occupant_error=0.0e+00
  [18/50] paired source=17 Er_offset=0.0347m Ec_offset=0.2861m Ec_native_shift=0.0250m Er_wait_relative_drift=0.0000m Er_wait_anchor_excess=0.0000m non_occupant_error=0.0e+00
  [19/50] paired source=18 Er_offset=0.0347m Ec_offset=0.2971m Ec_native_shift=0.0250m Er_wait_relative_drift=0.0000m Er_wait_anchor_excess=0.0000m non_occupant_error=0.0e+00
  [20/50] paired source=19 Er_offset=0.0347m Ec_offset=0.3007m Ec_native_shift=0.0250m Er_wait_relative_drift=0.0000m Er_wait_anchor_excess=0.0000m non_occupant_error=0.0e+00
  [21/50] paired source=20 Er_offset=0.0347m Ec_offset=0.2797m Ec_native_shift=0.0250m Er_wait_relative_drift=0.0000m Er_wait_anchor_excess=0.0000m non_occupant_error=0.0e+00
  [22/50] paired source=21 Er_offset=0.0347m Ec_offset=0.2809m Ec_native_shift=0.0250m Er_wait_relative_drift=0.0000m Er_wait_anchor_excess=0.0000m non_occupant_error=0.0e+00
  [23/50] paired source=22 Er_offset=0.0347m Ec_offset=0.2952m Ec_native_shift=0.0250m Er_wait_relative_drift=0.0000m Er_wait_anchor_excess=0.0000m non_occupant_error=0.0e+00
  [24/50] paired source=23 Er_offset=0.0347m Ec_offset=0.2745m Ec_native_shift=0.0250m Er_wait_relative_drift=0.0000m Er_wait_anchor_excess=0.0000m non_occupant_error=0.0e+00
  [25/50] paired source=24 Er_offset=0.0347m Ec_offset=0.2909m Ec_native_shift=0.0250m Er_wait_relative_drift=0.0000m Er_wait_anchor_excess=0.0000m non_occupant_error=0.0e+00
  [26/50] paired source=25 Er_offset=0.0347m Ec_offset=0.3056m Ec_native_shift=0.0250m Er_wait_relative_drift=0.0000m Er_wait_anchor_excess=0.0000m non_occupant_error=0.0e+00
  [27/50] paired source=26 Er_offset=0.0347m Ec_offset=0.2870m Ec_native_shift=0.0250m Er_wait_relative_drift=0.0000m Er_wait_anchor_excess=0.0000m non_occupant_error=0.0e+00
  [28/50] paired source=27 Er_offset=0.0347m Ec_offset=0.2785m Ec_native_shift=0.0250m Er_wait_relative_drift=0.0000m Er_wait_anchor_excess=0.0000m non_occupant_error=0.0e+00
  [29/50] paired source=28 Er_offset=0.0347m Ec_offset=0.2870m Ec_native_shift=0.0250m Er_wait_relative_drift=0.0000m Er_wait_anchor_excess=0.0000m non_occupant_error=0.0e+00
  [30/50] paired source=29 Er_offset=0.0347m Ec_offset=0.2954m Ec_native_shift=0.0250m Er_wait_relative_drift=0.0000m Er_wait_anchor_excess=0.0000m non_occupant_error=0.0e+00
  [31/50] paired source=30 Er_offset=0.0347m Ec_offset=0.2965m Ec_native_shift=0.0250m Er_wait_relative_drift=0.0000m Er_wait_anchor_excess=0.0000m non_occupant_error=0.0e+00
  [32/50] paired source=31 Er_offset=0.0347m Ec_offset=0.2816m Ec_native_shift=0.0250m Er_wait_relative_drift=0.0000m Er_wait_anchor_excess=0.0000m non_occupant_error=0.0e+00
  [33/50] paired source=32 Er_offset=0.0347m Ec_offset=0.3012m Ec_native_shift=0.0250m Er_wait_relative_drift=0.0000m Er_wait_anchor_excess=0.0000m non_occupant_error=0.0e+00
  [34/50] paired source=33 Er_offset=0.0347m Ec_offset=0.2991m Ec_native_shift=0.0250m Er_wait_relative_drift=0.0000m Er_wait_anchor_excess=0.0000m non_occupant_error=0.0e+00
  [35/50] paired source=34 Er_offset=0.0347m Ec_offset=0.2869m Ec_native_shift=0.0250m Er_wait_relative_drift=0.0000m Er_wait_anchor_excess=0.0000m non_occupant_error=0.0e+00
  [36/50] paired source=35 Er_offset=0.0347m Ec_offset=0.2791m Ec_native_shift=0.0250m Er_wait_relative_drift=0.0000m Er_wait_anchor_excess=0.0000m non_occupant_error=0.0e+00
  [37/50] paired source=36 Er_offset=0.0347m Ec_offset=0.2832m Ec_native_shift=0.0250m Er_wait_relative_drift=0.0000m Er_wait_anchor_excess=0.0000m non_occupant_error=0.0e+00
  [38/50] paired source=37 Er_offset=0.0347m Ec_offset=0.2898m Ec_native_shift=0.0250m Er_wait_relative_drift=0.0000m Er_wait_anchor_excess=0.0000m non_occupant_error=0.0e+00
  [39/50] paired source=38 Er_offset=0.0347m Ec_offset=0.2834m Ec_native_shift=0.0250m Er_wait_relative_drift=0.0000m Er_wait_anchor_excess=0.0000m non_occupant_error=0.0e+00
  [40/50] paired source=39 Er_offset=0.0347m Ec_offset=0.3055m Ec_native_shift=0.0250m Er_wait_relative_drift=0.0000m Er_wait_anchor_excess=0.0000m non_occupant_error=0.0e+00
  [41/50] paired source=40 Er_offset=0.0347m Ec_offset=0.2817m Ec_native_shift=0.0250m Er_wait_relative_drift=0.0000m Er_wait_anchor_excess=0.0000m non_occupant_error=0.0e+00
  [42/50] paired source=41 Er_offset=0.0347m Ec_offset=0.2932m Ec_native_shift=0.0250m Er_wait_relative_drift=0.0000m Er_wait_anchor_excess=0.0000m non_occupant_error=0.0e+00
  [43/50] paired source=42 Er_offset=0.0347m Ec_offset=0.2917m Ec_native_shift=0.0250m Er_wait_relative_drift=0.0000m Er_wait_anchor_excess=0.0000m non_occupant_error=0.0e+00
  [44/50] paired source=43 Er_offset=0.0347m Ec_offset=0.2974m Ec_native_shift=0.0250m Er_wait_relative_drift=0.0000m Er_wait_anchor_excess=0.0000m non_occupant_error=0.0e+00
  [45/50] paired source=44 Er_offset=0.0347m Ec_offset=0.2923m Ec_native_shift=0.0250m Er_wait_relative_drift=0.0000m Er_wait_anchor_excess=0.0000m non_occupant_error=0.0e+00
  [46/50] paired source=45 Er_offset=0.0347m Ec_offset=0.3101m Ec_native_shift=0.0250m Er_wait_relative_drift=0.0000m Er_wait_anchor_excess=0.0000m non_occupant_error=0.0e+00
  [47/50] paired source=46 Er_offset=0.0347m Ec_offset=0.2819m Ec_native_shift=0.0250m Er_wait_relative_drift=0.0000m Er_wait_anchor_excess=0.0000m non_occupant_error=0.0e+00
  [48/50] paired source=47 Er_offset=0.0347m Ec_offset=0.2925m Ec_native_shift=0.0250m Er_wait_relative_drift=0.0000m Er_wait_anchor_excess=0.0000m non_occupant_error=0.0e+00
  [49/50] paired source=48 Er_offset=0.0347m Ec_offset=0.2865m Ec_native_shift=0.0250m Er_wait_relative_drift=0.0000m Er_wait_anchor_excess=0.0000m non_occupant_error=0.0e+00
  [50/50] paired source=49 Er_offset=0.0347m Ec_offset=0.2960m Ec_native_shift=0.0250m Er_wait_relative_drift=0.0000m Er_wait_anchor_excess=0.0000m non_occupant_error=0.0e+00
Wrote eb: experiments/robot/libero/tasks/l1c5_eb_states.hdf5
Wrote er: experiments/robot/libero/tasks/l1c5_er_states.hdf5
Wrote ec: experiments/robot/libero/tasks/l1c5_ec_states.hdf5
Verdict: PASS_PAIRED_INITIAL_STATE_BUNDLE
Bundle manifest: experiments/robot/libero/tasks/l1c5_state_bundle.json
[robosuite WARNING] No private macro file found! (macros.py:53)
[robosuite WARNING] It is recommended to use a private macro file (macros.py:54)
[robosuite WARNING] To setup, run: python /home/drwqyhappy/.conda/envs/openvla_oft/lib/python3.10/site-packages/robosuite/scripts/setup_macros.py (macros.py:55)
Gym has been unmaintained since 2022 and does not support NumPy 2.0 amongst other critical functionality.
Please upgrade to Gymnasium, the maintained drop-in replacement of Gym, or contact the authors of your software and request that they upgrade.
Users of this version of Gym should be able to simply replace 'import gym' with 'import gymnasium as gym' in the vast majority of cases.
See the migration guide at https://gymnasium.farama.org/introduction/migration_guide/ for additional information.
[info] using task orders [0, 1, 2, 3, 4, 5, 6, 7, 8, 9]
Verdict: PASS_NATIVE_ONLY_PREFLIGHT
JSON: experiments/logs/l1c5_native_preflight.json
Report: experiments/logs/l1c5_native_preflight.md
[robosuite WARNING] No private macro file found! (macros.py:53)
[robosuite WARNING] It is recommended to use a private macro file (macros.py:54)
[robosuite WARNING] To setup, run: python /home/drwqyhappy/.conda/envs/openvla_oft/lib/python3.10/site-packages/robosuite/scripts/setup_macros.py (macros.py:55)
Gym has been unmaintained since 2022 and does not support NumPy 2.0 amongst other critical functionality.
Please upgrade to Gymnasium, the maintained drop-in replacement of Gym, or contact the authors of your software and request that they upgrade.
Users of this version of Gym should be able to simply replace 'import gym' with 'import gymnasium as gym' in the vast majority of cases.
See the migration guide at https://gymnasium.farama.org/introduction/migration_guide/ for additional information.
eb[00] visible=573/573px anchor=2374/2281px target=404/530px in_goal=0 world_drift=0.0000m relative_drift=0.0385m gate_rotation=0.00deg anchor_excess=0.0000m contacts=0 pass=1
eb[01] visible=573/573px anchor=2341/2234px target=404/530px in_goal=0 world_drift=0.0000m relative_drift=0.0385m gate_rotation=0.00deg anchor_excess=0.0000m contacts=0 pass=1
eb[02] visible=573/573px anchor=2411/2316px target=404/530px in_goal=0 world_drift=0.0000m relative_drift=0.0385m gate_rotation=0.00deg anchor_excess=0.0000m contacts=0 pass=1
eb[03] visible=573/573px anchor=2410/2320px target=404/530px in_goal=0 world_drift=0.0000m relative_drift=0.0385m gate_rotation=0.00deg anchor_excess=0.0000m contacts=0 pass=1
eb[04] visible=573/573px anchor=2446/2325px target=404/530px in_goal=0 world_drift=0.0000m relative_drift=0.0384m gate_rotation=0.00deg anchor_excess=0.0000m contacts=0 pass=1
eb[05] visible=573/573px anchor=2429/2313px target=404/530px in_goal=0 world_drift=0.0000m relative_drift=0.0384m gate_rotation=0.00deg anchor_excess=0.0000m contacts=0 pass=1
eb[06] visible=573/573px anchor=2341/2250px target=404/530px in_goal=0 world_drift=0.0000m relative_drift=0.0385m gate_rotation=0.00deg anchor_excess=0.0000m contacts=0 pass=1
eb[07] visible=573/573px anchor=2452/2336px target=404/530px in_goal=0 world_drift=0.0000m relative_drift=0.0385m gate_rotation=0.00deg anchor_excess=0.0000m contacts=0 pass=1
eb[08] visible=573/573px anchor=2394/2315px target=404/530px in_goal=0 world_drift=0.0000m relative_drift=0.0385m gate_rotation=0.00deg anchor_excess=0.0000m contacts=0 pass=1
eb[09] visible=573/573px anchor=2454/2352px target=404/530px in_goal=0 world_drift=0.0000m relative_drift=0.0385m gate_rotation=0.00deg anchor_excess=0.0000m contacts=0 pass=1
eb[10] visible=573/573px anchor=2369/2282px target=404/530px in_goal=0 world_drift=0.0000m relative_drift=0.0384m gate_rotation=0.00deg anchor_excess=0.0000m contacts=0 pass=1
eb[11] visible=573/573px anchor=2413/2323px target=404/530px in_goal=0 world_drift=0.0000m relative_drift=0.0385m gate_rotation=0.00deg anchor_excess=0.0000m contacts=0 pass=1
eb[12] visible=573/573px anchor=2448/2338px target=404/530px in_goal=0 world_drift=0.0000m relative_drift=0.0385m gate_rotation=0.00deg anchor_excess=0.0000m contacts=0 pass=1
eb[13] visible=573/573px anchor=2408/2284px target=404/530px in_goal=0 world_drift=0.0000m relative_drift=0.0384m gate_rotation=0.00deg anchor_excess=0.0000m contacts=0 pass=1
eb[14] visible=573/573px anchor=2408/2313px target=404/530px in_goal=0 world_drift=0.0000m relative_drift=0.0385m gate_rotation=0.00deg anchor_excess=0.0000m contacts=0 pass=1
eb[15] visible=573/573px anchor=2349/2243px target=404/530px in_goal=0 world_drift=0.0000m relative_drift=0.0385m gate_rotation=0.00deg anchor_excess=0.0000m contacts=0 pass=1
eb[16] visible=573/573px anchor=2434/2336px target=404/530px in_goal=0 world_drift=0.0000m relative_drift=0.0385m gate_rotation=0.00deg anchor_excess=0.0000m contacts=0 pass=1
eb[17] visible=573/573px anchor=2468/2334px target=404/530px in_goal=0 world_drift=0.0000m relative_drift=0.0385m gate_rotation=0.00deg anchor_excess=0.0000m contacts=0 pass=1
eb[18] visible=573/573px anchor=2383/2278px target=404/530px in_goal=0 world_drift=0.0000m relative_drift=0.0384m gate_rotation=0.00deg anchor_excess=0.0000m contacts=0 pass=1
eb[19] visible=573/573px anchor=2351/2258px target=404/530px in_goal=0 world_drift=0.0000m relative_drift=0.0384m gate_rotation=0.00deg anchor_excess=0.0000m contacts=0 pass=1
eb[20] visible=573/573px anchor=2432/2330px target=404/530px in_goal=0 world_drift=0.0000m relative_drift=0.0385m gate_rotation=0.00deg anchor_excess=0.0000m contacts=0 pass=1
eb[21] visible=573/573px anchor=2372/2288px target=404/530px in_goal=0 world_drift=0.0000m relative_drift=0.0385m gate_rotation=0.00deg anchor_excess=0.0000m contacts=0 pass=1
eb[22] visible=573/573px anchor=2324/2234px target=405/530px in_goal=0 world_drift=0.0000m relative_drift=0.0385m gate_rotation=0.00deg anchor_excess=0.0000m contacts=0 pass=1
eb[23] visible=573/573px anchor=2444/2361px target=404/530px in_goal=0 world_drift=0.0000m relative_drift=0.0385m gate_rotation=0.00deg anchor_excess=0.0000m contacts=0 pass=1
eb[24] visible=573/573px anchor=2371/2290px target=404/530px in_goal=0 world_drift=0.0000m relative_drift=0.0385m gate_rotation=0.00deg anchor_excess=0.0000m contacts=0 pass=1
eb[25] visible=573/573px anchor=2371/2276px target=404/530px in_goal=0 world_drift=0.0000m relative_drift=0.0384m gate_rotation=0.00deg anchor_excess=0.0000m contacts=0 pass=1
eb[26] visible=573/573px anchor=2437/2346px target=404/530px in_goal=0 world_drift=0.0000m relative_drift=0.0385m gate_rotation=0.00deg anchor_excess=0.0000m contacts=0 pass=1
eb[27] visible=573/573px anchor=2449/2336px target=404/530px in_goal=0 world_drift=0.0000m relative_drift=0.0385m gate_rotation=0.00deg anchor_excess=0.0000m contacts=0 pass=1
eb[28] visible=573/573px anchor=2373/2277px target=404/530px in_goal=0 world_drift=0.0000m relative_drift=0.0385m gate_rotation=0.00deg anchor_excess=0.0000m contacts=0 pass=1
eb[29] visible=573/573px anchor=2433/2321px target=404/530px in_goal=0 world_drift=0.0000m relative_drift=0.0384m gate_rotation=0.00deg anchor_excess=0.0000m contacts=0 pass=1
eb[30] visible=573/573px anchor=2442/2350px target=404/530px in_goal=0 world_drift=0.0000m relative_drift=0.0384m gate_rotation=0.00deg anchor_excess=0.0000m contacts=0 pass=1
eb[31] visible=573/573px anchor=2377/2267px target=404/530px in_goal=0 world_drift=0.0000m relative_drift=0.0385m gate_rotation=0.00deg anchor_excess=0.0000m contacts=0 pass=1
eb[32] visible=573/573px anchor=2402/2300px target=404/530px in_goal=0 world_drift=0.0000m relative_drift=0.0384m gate_rotation=0.00deg anchor_excess=0.0000m contacts=0 pass=1
eb[33] visible=573/573px anchor=2412/2287px target=404/530px in_goal=0 world_drift=0.0000m relative_drift=0.0384m gate_rotation=0.00deg anchor_excess=0.0000m contacts=0 pass=1
eb[34] visible=573/573px anchor=2340/2248px target=404/530px in_goal=0 world_drift=0.0000m relative_drift=0.0385m gate_rotation=0.00deg anchor_excess=0.0000m contacts=0 pass=1
eb[35] visible=573/573px anchor=2416/2324px target=404/530px in_goal=0 world_drift=0.0000m relative_drift=0.0385m gate_rotation=0.00deg anchor_excess=0.0000m contacts=0 pass=1
eb[36] visible=573/573px anchor=2377/2305px target=405/530px in_goal=0 world_drift=0.0000m relative_drift=0.0385m gate_rotation=0.00deg anchor_excess=0.0000m contacts=0 pass=1
eb[37] visible=573/573px anchor=2341/2252px target=404/530px in_goal=0 world_drift=0.0000m relative_drift=0.0385m gate_rotation=0.00deg anchor_excess=0.0000m contacts=0 pass=1
eb[38] visible=573/573px anchor=2403/2306px target=404/531px in_goal=0 world_drift=0.0000m relative_drift=0.0385m gate_rotation=0.00deg anchor_excess=0.0000m contacts=0 pass=1
eb[39] visible=573/573px anchor=2360/2241px target=404/532px in_goal=0 world_drift=0.0000m relative_drift=0.0384m gate_rotation=0.00deg anchor_excess=0.0000m contacts=0 pass=1
eb[40] visible=573/573px anchor=2377/2288px target=404/530px in_goal=0 world_drift=0.0000m relative_drift=0.0385m gate_rotation=0.00deg anchor_excess=0.0000m contacts=0 pass=1
eb[41] visible=573/573px anchor=2390/2313px target=404/530px in_goal=0 world_drift=0.0000m relative_drift=0.0385m gate_rotation=0.00deg anchor_excess=0.0000m contacts=0 pass=1
eb[42] visible=573/573px anchor=2421/2313px target=404/530px in_goal=0 world_drift=0.0000m relative_drift=0.0385m gate_rotation=0.00deg anchor_excess=0.0000m contacts=0 pass=1
eb[43] visible=573/573px anchor=2451/2343px target=404/530px in_goal=0 world_drift=0.0000m relative_drift=0.0384m gate_rotation=0.00deg anchor_excess=0.0000m contacts=0 pass=1
eb[44] visible=573/573px anchor=2486/2392px target=404/530px in_goal=0 world_drift=0.0000m relative_drift=0.0384m gate_rotation=0.00deg anchor_excess=0.0000m contacts=0 pass=1
eb[45] visible=573/573px anchor=2358/2270px target=404/530px in_goal=0 world_drift=0.0000m relative_drift=0.0384m gate_rotation=0.00deg anchor_excess=0.0000m contacts=0 pass=1
eb[46] visible=573/573px anchor=2417/2326px target=404/530px in_goal=0 world_drift=0.0000m relative_drift=0.0385m gate_rotation=0.00deg anchor_excess=0.0000m contacts=0 pass=1
eb[47] visible=573/573px anchor=2374/2273px target=404/530px in_goal=0 world_drift=0.0000m relative_drift=0.0385m gate_rotation=0.00deg anchor_excess=0.0000m contacts=0 pass=1
eb[48] visible=573/573px anchor=2471/2340px target=404/530px in_goal=0 world_drift=0.0000m relative_drift=0.0385m gate_rotation=0.00deg anchor_excess=0.0000m contacts=0 pass=1
eb[49] visible=573/573px anchor=2331/2242px target=404/530px in_goal=0 world_drift=0.0000m relative_drift=0.0385m gate_rotation=0.00deg anchor_excess=0.0000m contacts=0 pass=1
er[00] visible=179/179px anchor=2195/2101px target=404/530px in_goal=1 world_drift=0.0398m relative_drift=0.0000m gate_rotation=0.04deg anchor_excess=0.0000m contacts=0 pass=1
er[01] visible=175/179px anchor=2164/2055px target=404/530px in_goal=1 world_drift=0.0398m relative_drift=0.0000m gate_rotation=0.04deg anchor_excess=0.0000m contacts=0 pass=1
er[02] visible=188/180px anchor=2223/2136px target=404/530px in_goal=1 world_drift=0.0398m relative_drift=0.0000m gate_rotation=0.04deg anchor_excess=0.0000m contacts=0 pass=1
er[03] visible=181/192px anchor=2229/2128px target=404/530px in_goal=1 world_drift=0.0398m relative_drift=0.0000m gate_rotation=0.04deg anchor_excess=0.0000m contacts=0 pass=1
er[04] visible=184/193px anchor=2262/2132px target=404/530px in_goal=1 world_drift=0.0398m relative_drift=0.0000m gate_rotation=0.04deg anchor_excess=0.0000m contacts=0 pass=1
er[05] visible=190/177px anchor=2239/2135px target=404/530px in_goal=1 world_drift=0.0398m relative_drift=0.0000m gate_rotation=0.04deg anchor_excess=0.0000m contacts=0 pass=1
er[06] visible=184/167px anchor=2157/2083px target=404/530px in_goal=1 world_drift=0.0398m relative_drift=0.0000m gate_rotation=0.04deg anchor_excess=0.0000m contacts=0 pass=1
er[07] visible=177/200px anchor=2275/2136px target=404/530px in_goal=1 world_drift=0.0398m relative_drift=0.0000m gate_rotation=0.04deg anchor_excess=0.0000m contacts=0 pass=1
er[08] visible=190/178px anchor=2204/2137px target=404/530px in_goal=1 world_drift=0.0398m relative_drift=0.0000m gate_rotation=0.04deg anchor_excess=0.0000m contacts=0 pass=1
er[09] visible=183/197px anchor=2270/2155px target=404/530px in_goal=1 world_drift=0.0398m relative_drift=0.0000m gate_rotation=0.04deg anchor_excess=0.0000m contacts=0 pass=1
er[10] visible=184/173px anchor=2185/2110px target=404/530px in_goal=1 world_drift=0.0398m relative_drift=0.0000m gate_rotation=0.04deg anchor_excess=0.0000m contacts=0 pass=1
er[11] visible=182/190px anchor=2231/2133px target=404/530px in_goal=1 world_drift=0.0398m relative_drift=0.0000m gate_rotation=0.04deg anchor_excess=0.0000m contacts=0 pass=1
er[12] visible=183/190px anchor=2265/2148px target=404/530px in_goal=1 world_drift=0.0398m relative_drift=0.0000m gate_rotation=0.04deg anchor_excess=0.0000m contacts=0 pass=1
er[13] visible=185/173px anchor=2223/2111px target=404/530px in_goal=1 world_drift=0.0398m relative_drift=0.0000m gate_rotation=0.04deg anchor_excess=0.0000m contacts=0 pass=1
er[14] visible=188/169px anchor=2220/2144px target=404/530px in_goal=1 world_drift=0.0398m relative_drift=0.0000m gate_rotation=0.04deg anchor_excess=0.0000m contacts=0 pass=1
er[15] visible=181/171px anchor=2168/2072px target=404/530px in_goal=1 world_drift=0.0398m relative_drift=0.0000m gate_rotation=0.04deg anchor_excess=0.0000m contacts=0 pass=1
er[16] visible=171/177px anchor=2263/2160px target=404/530px in_goal=1 world_drift=0.0398m relative_drift=0.0000m gate_rotation=0.04deg anchor_excess=0.0000m contacts=0 pass=1
er[17] visible=185/196px anchor=2283/2138px target=404/530px in_goal=1 world_drift=0.0398m relative_drift=0.0000m gate_rotation=0.04deg anchor_excess=0.0000m contacts=0 pass=1
er[18] visible=186/171px anchor=2197/2108px target=404/530px in_goal=1 world_drift=0.0398m relative_drift=0.0000m gate_rotation=0.04deg anchor_excess=0.0000m contacts=0 pass=1
er[19] visible=190/169px anchor=2161/2089px target=404/530px in_goal=1 world_drift=0.0398m relative_drift=0.0000m gate_rotation=0.04deg anchor_excess=0.0000m contacts=0 pass=1
er[20] visible=168/179px anchor=2264/2151px target=404/530px in_goal=1 world_drift=0.0398m relative_drift=0.0000m gate_rotation=0.04deg anchor_excess=0.0000m contacts=0 pass=1
er[21] visible=193/187px anchor=2178/2101px target=404/530px in_goal=1 world_drift=0.0398m relative_drift=0.0000m gate_rotation=0.04deg anchor_excess=0.0000m contacts=0 pass=1
er[22] visible=177/182px anchor=2147/2052px target=405/530px in_goal=1 world_drift=0.0398m relative_drift=0.0000m gate_rotation=0.04deg anchor_excess=0.0000m contacts=0 pass=1
er[23] visible=178/199px anchor=2266/2160px target=404/530px in_goal=1 world_drift=0.0398m relative_drift=0.0000m gate_rotation=0.04deg anchor_excess=0.0000m contacts=0 pass=1
er[24] visible=179/168px anchor=2192/2122px target=404/530px in_goal=1 world_drift=0.0398m relative_drift=0.0000m gate_rotation=0.04deg anchor_excess=0.0000m contacts=0 pass=1
er[25] visible=181/171px anchor=2190/2104px target=404/530px in_goal=1 world_drift=0.0398m relative_drift=0.0000m gate_rotation=0.04deg anchor_excess=0.0000m contacts=0 pass=1
er[26] visible=176/186px anchor=2261/2160px target=404/530px in_goal=1 world_drift=0.0398m relative_drift=0.0000m gate_rotation=0.04deg anchor_excess=0.0000m contacts=0 pass=1
er[27] visible=181/190px anchor=2268/2146px target=404/530px in_goal=1 world_drift=0.0398m relative_drift=0.0000m gate_rotation=0.04deg anchor_excess=0.0000m contacts=0 pass=1
er[28] visible=180/172px anchor=2192/2105px target=404/530px in_goal=1 world_drift=0.0398m relative_drift=0.0000m gate_rotation=0.04deg anchor_excess=0.0000m contacts=0 pass=1
er[29] visible=189/181px anchor=2244/2138px target=404/530px in_goal=1 world_drift=0.0398m relative_drift=0.0000m gate_rotation=0.04deg anchor_excess=0.0000m contacts=0 pass=1
er[30] visible=172/190px anchor=2270/2160px target=404/530px in_goal=1 world_drift=0.0398m relative_drift=0.0000m gate_rotation=0.04deg anchor_excess=0.0000m contacts=0 pass=1
er[31] visible=194/187px anchor=2183/2080px target=404/530px in_goal=1 world_drift=0.0398m relative_drift=0.0000m gate_rotation=0.04deg anchor_excess=0.0000m contacts=0 pass=1
er[32] visible=178/176px anchor=2224/2124px target=404/530px in_goal=1 world_drift=0.0398m relative_drift=0.0000m gate_rotation=0.04deg anchor_excess=0.0000m contacts=0 pass=1
er[33] visible=187/176px anchor=2225/2111px target=404/530px in_goal=1 world_drift=0.0398m relative_drift=0.0000m gate_rotation=0.04deg anchor_excess=0.0000m contacts=0 pass=1
er[34] visible=183/172px anchor=2156/2077px target=404/530px in_goal=1 world_drift=0.0398m relative_drift=0.0000m gate_rotation=0.04deg anchor_excess=0.0000m contacts=0 pass=1
er[35] visible=167/185px anchor=2249/2139px target=404/530px in_goal=1 world_drift=0.0398m relative_drift=0.0000m gate_rotation=0.04deg anchor_excess=0.0000m contacts=0 pass=1
er[36] visible=187/177px anchor=2189/2128px target=405/530px in_goal=1 world_drift=0.0398m relative_drift=0.0000m gate_rotation=0.04deg anchor_excess=0.0000m contacts=0 pass=1
er[37] visible=176/174px anchor=2165/2078px target=404/530px in_goal=1 world_drift=0.0398m relative_drift=0.0000m gate_rotation=0.04deg anchor_excess=0.0000m contacts=0 pass=1
er[38] visible=177/183px anchor=2225/2123px target=404/531px in_goal=1 world_drift=0.0398m relative_drift=0.0000m gate_rotation=0.04deg anchor_excess=0.0000m contacts=0 pass=1
er[39] visible=190/178px anchor=2170/2063px target=404/532px in_goal=1 world_drift=0.0398m relative_drift=0.0000m gate_rotation=0.04deg anchor_excess=0.0000m contacts=0 pass=1
er[40] visible=191/177px anchor=2186/2111px target=404/530px in_goal=1 world_drift=0.0398m relative_drift=0.0000m gate_rotation=0.04deg anchor_excess=0.0000m contacts=0 pass=1
er[41] visible=191/179px anchor=2199/2134px target=404/530px in_goal=1 world_drift=0.0398m relative_drift=0.0000m gate_rotation=0.04deg anchor_excess=0.0000m contacts=0 pass=1
er[42] visible=190/179px anchor=2231/2134px target=404/530px in_goal=1 world_drift=0.0398m relative_drift=0.0000m gate_rotation=0.04deg anchor_excess=0.0000m contacts=0 pass=1
er[43] visible=177/185px anchor=2274/2155px target=404/530px in_goal=1 world_drift=0.0398m relative_drift=0.0000m gate_rotation=0.04deg anchor_excess=0.0000m contacts=0 pass=1
er[44] visible=179/203px anchor=2307/2189px target=404/530px in_goal=1 world_drift=0.0398m relative_drift=0.0000m gate_rotation=0.04deg anchor_excess=0.0000m contacts=0 pass=1
er[45] visible=181/180px anchor=2177/2090px target=404/530px in_goal=1 world_drift=0.0398m relative_drift=0.0000m gate_rotation=0.04deg anchor_excess=0.0000m contacts=0 pass=1
er[46] visible=171/178px anchor=2246/2148px target=404/530px in_goal=1 world_drift=0.0398m relative_drift=0.0000m gate_rotation=0.04deg anchor_excess=0.0000m contacts=0 pass=1
er[47] visible=182/165px anchor=2191/2108px target=404/530px in_goal=1 world_drift=0.0398m relative_drift=0.0000m gate_rotation=0.04deg anchor_excess=0.0000m contacts=0 pass=1
er[48] visible=185/200px anchor=2286/2140px target=404/530px in_goal=1 world_drift=0.0398m relative_drift=0.0000m gate_rotation=0.04deg anchor_excess=0.0000m contacts=0 pass=1
er[49] visible=174/177px anchor=2156/2064px target=404/530px in_goal=1 world_drift=0.0398m relative_drift=0.0000m gate_rotation=0.04deg anchor_excess=0.0000m contacts=0 pass=1
ec[00] visible=605/605px anchor=2374/2281px target=404/530px in_goal=0 world_drift=0.0000m relative_drift=0.0385m gate_rotation=0.00deg anchor_excess=0.0000m contacts=0 pass=1
ec[01] visible=605/605px anchor=2341/2234px target=404/530px in_goal=0 world_drift=0.0000m relative_drift=0.0385m gate_rotation=0.00deg anchor_excess=0.0000m contacts=0 pass=1
ec[02] visible=605/605px anchor=2411/2316px target=404/530px in_goal=0 world_drift=0.0000m relative_drift=0.0385m gate_rotation=0.00deg anchor_excess=0.0000m contacts=0 pass=1
ec[03] visible=605/605px anchor=2410/2320px target=404/530px in_goal=0 world_drift=0.0000m relative_drift=0.0385m gate_rotation=0.00deg anchor_excess=0.0000m contacts=0 pass=1
ec[04] visible=605/605px anchor=2446/2325px target=404/530px in_goal=0 world_drift=0.0000m relative_drift=0.0384m gate_rotation=0.00deg anchor_excess=0.0000m contacts=0 pass=1
ec[05] visible=605/605px anchor=2429/2313px target=404/530px in_goal=0 world_drift=0.0000m relative_drift=0.0384m gate_rotation=0.00deg anchor_excess=0.0000m contacts=0 pass=1
ec[06] visible=605/605px anchor=2341/2250px target=404/530px in_goal=0 world_drift=0.0000m relative_drift=0.0385m gate_rotation=0.00deg anchor_excess=0.0000m contacts=0 pass=1
ec[07] visible=605/605px anchor=2452/2336px target=404/530px in_goal=0 world_drift=0.0000m relative_drift=0.0385m gate_rotation=0.00deg anchor_excess=0.0000m contacts=0 pass=1
ec[08] visible=605/605px anchor=2394/2315px target=404/530px in_goal=0 world_drift=0.0000m relative_drift=0.0385m gate_rotation=0.00deg anchor_excess=0.0000m contacts=0 pass=1
ec[09] visible=605/605px anchor=2454/2352px target=404/530px in_goal=0 world_drift=0.0000m relative_drift=0.0385m gate_rotation=0.00deg anchor_excess=0.0000m contacts=0 pass=1
ec[10] visible=605/605px anchor=2369/2282px target=404/530px in_goal=0 world_drift=0.0000m relative_drift=0.0384m gate_rotation=0.00deg anchor_excess=0.0000m contacts=0 pass=1
ec[11] visible=605/605px anchor=2413/2323px target=404/530px in_goal=0 world_drift=0.0000m relative_drift=0.0385m gate_rotation=0.00deg anchor_excess=0.0000m contacts=0 pass=1
ec[12] visible=605/605px anchor=2448/2338px target=404/530px in_goal=0 world_drift=0.0000m relative_drift=0.0385m gate_rotation=0.00deg anchor_excess=0.0000m contacts=0 pass=1
ec[13] visible=605/605px anchor=2408/2284px target=404/530px in_goal=0 world_drift=0.0000m relative_drift=0.0384m gate_rotation=0.00deg anchor_excess=0.0000m contacts=0 pass=1
ec[14] visible=605/605px anchor=2408/2313px target=404/530px in_goal=0 world_drift=0.0000m relative_drift=0.0385m gate_rotation=0.00deg anchor_excess=0.0000m contacts=0 pass=1
ec[15] visible=605/605px anchor=2349/2243px target=404/530px in_goal=0 world_drift=0.0000m relative_drift=0.0385m gate_rotation=0.00deg anchor_excess=0.0000m contacts=0 pass=1
ec[16] visible=605/605px anchor=2434/2336px target=404/530px in_goal=0 world_drift=0.0000m relative_drift=0.0385m gate_rotation=0.00deg anchor_excess=0.0000m contacts=0 pass=1
ec[17] visible=605/605px anchor=2468/2334px target=404/530px in_goal=0 world_drift=0.0000m relative_drift=0.0385m gate_rotation=0.00deg anchor_excess=0.0000m contacts=0 pass=1
ec[18] visible=605/605px anchor=2383/2278px target=404/530px in_goal=0 world_drift=0.0000m relative_drift=0.0384m gate_rotation=0.00deg anchor_excess=0.0000m contacts=0 pass=1
ec[19] visible=605/605px anchor=2351/2258px target=404/530px in_goal=0 world_drift=0.0000m relative_drift=0.0384m gate_rotation=0.00deg anchor_excess=0.0000m contacts=0 pass=1
ec[20] visible=605/605px anchor=2432/2330px target=404/530px in_goal=0 world_drift=0.0000m relative_drift=0.0385m gate_rotation=0.00deg anchor_excess=0.0000m contacts=0 pass=1
ec[21] visible=605/605px anchor=2372/2288px target=404/530px in_goal=0 world_drift=0.0000m relative_drift=0.0385m gate_rotation=0.00deg anchor_excess=0.0000m contacts=0 pass=1
ec[22] visible=605/605px anchor=2324/2234px target=405/530px in_goal=0 world_drift=0.0000m relative_drift=0.0385m gate_rotation=0.00deg anchor_excess=0.0000m contacts=0 pass=1
ec[23] visible=605/605px anchor=2444/2361px target=404/530px in_goal=0 world_drift=0.0000m relative_drift=0.0385m gate_rotation=0.00deg anchor_excess=0.0000m contacts=0 pass=1
ec[24] visible=605/605px anchor=2371/2290px target=404/530px in_goal=0 world_drift=0.0000m relative_drift=0.0385m gate_rotation=0.00deg anchor_excess=0.0000m contacts=0 pass=1
ec[25] visible=605/605px anchor=2371/2276px target=404/530px in_goal=0 world_drift=0.0000m relative_drift=0.0384m gate_rotation=0.00deg anchor_excess=0.0000m contacts=0 pass=1
ec[26] visible=605/605px anchor=2437/2346px target=404/530px in_goal=0 world_drift=0.0000m relative_drift=0.0385m gate_rotation=0.00deg anchor_excess=0.0000m contacts=0 pass=1
ec[27] visible=605/605px anchor=2449/2336px target=404/530px in_goal=0 world_drift=0.0000m relative_drift=0.0385m gate_rotation=0.00deg anchor_excess=0.0000m contacts=0 pass=1
ec[28] visible=605/605px anchor=2373/2277px target=404/530px in_goal=0 world_drift=0.0000m relative_drift=0.0385m gate_rotation=0.00deg anchor_excess=0.0000m contacts=0 pass=1
ec[29] visible=605/605px anchor=2433/2321px target=404/530px in_goal=0 world_drift=0.0000m relative_drift=0.0384m gate_rotation=0.00deg anchor_excess=0.0000m contacts=0 pass=1
ec[30] visible=605/605px anchor=2442/2350px target=404/530px in_goal=0 world_drift=0.0000m relative_drift=0.0384m gate_rotation=0.00deg anchor_excess=0.0000m contacts=0 pass=1
ec[31] visible=605/605px anchor=2377/2267px target=404/530px in_goal=0 world_drift=0.0000m relative_drift=0.0385m gate_rotation=0.00deg anchor_excess=0.0000m contacts=0 pass=1
ec[32] visible=605/605px anchor=2402/2300px target=404/530px in_goal=0 world_drift=0.0000m relative_drift=0.0384m gate_rotation=0.00deg anchor_excess=0.0000m contacts=0 pass=1
ec[33] visible=605/605px anchor=2412/2287px target=404/530px in_goal=0 world_drift=0.0000m relative_drift=0.0384m gate_rotation=0.00deg anchor_excess=0.0000m contacts=0 pass=1
ec[34] visible=605/605px anchor=2340/2248px target=404/530px in_goal=0 world_drift=0.0000m relative_drift=0.0385m gate_rotation=0.00deg anchor_excess=0.0000m contacts=0 pass=1
ec[35] visible=605/605px anchor=2416/2324px target=404/530px in_goal=0 world_drift=0.0000m relative_drift=0.0385m gate_rotation=0.00deg anchor_excess=0.0000m contacts=0 pass=1
ec[36] visible=605/605px anchor=2377/2305px target=405/530px in_goal=0 world_drift=0.0000m relative_drift=0.0385m gate_rotation=0.00deg anchor_excess=0.0000m contacts=0 pass=1
ec[37] visible=605/605px anchor=2341/2252px target=404/530px in_goal=0 world_drift=0.0000m relative_drift=0.0385m gate_rotation=0.00deg anchor_excess=0.0000m contacts=0 pass=1
ec[38] visible=605/605px anchor=2403/2306px target=404/531px in_goal=0 world_drift=0.0000m relative_drift=0.0385m gate_rotation=0.00deg anchor_excess=0.0000m contacts=0 pass=1
ec[39] visible=605/605px anchor=2360/2241px target=404/532px in_goal=0 world_drift=0.0000m relative_drift=0.0384m gate_rotation=0.00deg anchor_excess=0.0000m contacts=0 pass=1
ec[40] visible=605/605px anchor=2377/2288px target=404/530px in_goal=0 world_drift=0.0000m relative_drift=0.0385m gate_rotation=0.00deg anchor_excess=0.0000m contacts=0 pass=1
ec[41] visible=605/605px anchor=2390/2313px target=404/530px in_goal=0 world_drift=0.0000m relative_drift=0.0385m gate_rotation=0.00deg anchor_excess=0.0000m contacts=0 pass=1
ec[42] visible=605/605px anchor=2421/2313px target=404/530px in_goal=0 world_drift=0.0000m relative_drift=0.0385m gate_rotation=0.00deg anchor_excess=0.0000m contacts=0 pass=1
ec[43] visible=605/605px anchor=2451/2343px target=404/530px in_goal=0 world_drift=0.0000m relative_drift=0.0384m gate_rotation=0.00deg anchor_excess=0.0000m contacts=0 pass=1
ec[44] visible=605/605px anchor=2486/2392px target=404/530px in_goal=0 world_drift=0.0000m relative_drift=0.0384m gate_rotation=0.00deg anchor_excess=0.0000m contacts=0 pass=1
ec[45] visible=605/605px anchor=2358/2270px target=404/530px in_goal=0 world_drift=0.0000m relative_drift=0.0384m gate_rotation=0.00deg anchor_excess=0.0000m contacts=0 pass=1
ec[46] visible=605/605px anchor=2417/2326px target=404/530px in_goal=0 world_drift=0.0000m relative_drift=0.0385m gate_rotation=0.00deg anchor_excess=0.0000m contacts=0 pass=1
ec[47] visible=605/605px anchor=2374/2273px target=404/530px in_goal=0 world_drift=0.0000m relative_drift=0.0385m gate_rotation=0.00deg anchor_excess=0.0000m contacts=0 pass=1
ec[48] visible=605/605px anchor=2471/2340px target=404/530px in_goal=0 world_drift=0.0000m relative_drift=0.0385m gate_rotation=0.00deg anchor_excess=0.0000m contacts=0 pass=1
ec[49] visible=605/605px anchor=2331/2242px target=404/530px in_goal=0 world_drift=0.0000m relative_drift=0.0385m gate_rotation=0.00deg anchor_excess=0.0000m contacts=0 pass=1
Preview written to experiments/robot/libero/tasks/l1c5_preview
Verdict: PASS_EXACT_STATE_PREVIEW
Report: experiments/logs/l1c5_exact_state_preview.md
Manifest: experiments/robot/libero/tasks/l1c5_preview/manifest.json
Verdict: PASS_FROZEN_INITIAL_STATE_BUNDLE
States: {'eb': 50, 'er': 50, 'ec': 50}
Preview: PASS_EXACT_STATE_PREVIEW
[robosuite WARNING] No private macro file found! (macros.py:53)
[robosuite WARNING] It is recommended to use a private macro file (macros.py:54)
[robosuite WARNING] To setup, run: python /home/drwqyhappy/.conda/envs/openvla_oft/lib/python3.10/site-packages/robosuite/scripts/setup_macros.py (macros.py:55)
Gym has been unmaintained since 2022 and does not support NumPy 2.0 amongst other critical functionality.
Please upgrade to Gymnasium, the maintained drop-in replacement of Gym, or contact the authors of your software and request that they upgrade.
Users of this version of Gym should be able to simply replace 'import gym' with 'import gymnasium as gym' in the vast majority of cases.
See the migration guide at https://gymnasium.farama.org/introduction/migration_guide/ for additional information.
state=00 offset=(+0.000,+0.000) safe=0 clearance=0.0582m target_xy_drift=0.0425m target_tilt=0.0deg
state=00 offset=(+0.000,-0.025) safe=1 clearance=0.0600m target_xy_drift=0.0000m target_tilt=0.0deg
state=00 offset=(+0.025,-0.020) safe=1 clearance=0.0604m target_xy_drift=0.0000m target_tilt=0.0deg
state=00 offset=(-0.025,-0.020) safe=1 clearance=0.0604m target_xy_drift=0.0000m target_tilt=0.0deg
state=00 offset=(+0.000,-0.035) safe=1 clearance=0.0700m target_xy_drift=0.0000m target_tilt=0.0deg
state=01 offset=(+0.000,+0.000) safe=0 clearance=0.0582m target_xy_drift=0.0425m target_tilt=0.0deg
state=01 offset=(+0.000,-0.025) safe=1 clearance=0.0600m target_xy_drift=0.0000m target_tilt=0.0deg
state=01 offset=(+0.025,-0.020) safe=1 clearance=0.0604m target_xy_drift=0.0000m target_tilt=0.0deg
state=01 offset=(-0.025,-0.020) safe=1 clearance=0.0604m target_xy_drift=0.0000m target_tilt=0.0deg
state=01 offset=(+0.000,-0.035) safe=1 clearance=0.0700m target_xy_drift=0.0000m target_tilt=0.0deg
state=02 offset=(+0.000,+0.000) safe=0 clearance=0.0582m target_xy_drift=0.0425m target_tilt=0.0deg
state=02 offset=(+0.000,-0.025) safe=1 clearance=0.0600m target_xy_drift=0.0000m target_tilt=0.0deg
state=02 offset=(+0.025,-0.020) safe=1 clearance=0.0604m target_xy_drift=0.0000m target_tilt=0.0deg
state=02 offset=(-0.025,-0.020) safe=1 clearance=0.0604m target_xy_drift=0.0000m target_tilt=0.0deg
state=02 offset=(+0.000,-0.035) safe=1 clearance=0.0700m target_xy_drift=0.0000m target_tilt=0.0deg
state=03 offset=(+0.000,+0.000) safe=0 clearance=0.0582m target_xy_drift=0.0425m target_tilt=0.0deg
state=03 offset=(+0.000,-0.025) safe=1 clearance=0.0600m target_xy_drift=0.0000m target_tilt=0.0deg
state=03 offset=(+0.025,-0.020) safe=1 clearance=0.0604m target_xy_drift=0.0000m target_tilt=0.0deg
state=03 offset=(-0.025,-0.020) safe=1 clearance=0.0604m target_xy_drift=0.0000m target_tilt=0.0deg
state=03 offset=(+0.000,-0.035) safe=1 clearance=0.0700m target_xy_drift=0.0000m target_tilt=0.0deg
state=04 offset=(+0.000,+0.000) safe=0 clearance=0.0582m target_xy_drift=0.0425m target_tilt=0.0deg
state=04 offset=(+0.000,-0.025) safe=1 clearance=0.0600m target_xy_drift=0.0000m target_tilt=0.0deg
state=04 offset=(+0.025,-0.020) safe=1 clearance=0.0604m target_xy_drift=0.0000m target_tilt=0.0deg
state=04 offset=(-0.025,-0.020) safe=1 clearance=0.0604m target_xy_drift=0.0000m target_tilt=0.0deg
state=04 offset=(+0.000,-0.035) safe=1 clearance=0.0700m target_xy_drift=0.0000m target_tilt=0.0deg
state=05 offset=(+0.000,+0.000) safe=0 clearance=0.0582m target_xy_drift=0.0425m target_tilt=0.0deg
state=05 offset=(+0.000,-0.025) safe=1 clearance=0.0600m target_xy_drift=0.0000m target_tilt=0.0deg
state=05 offset=(+0.025,-0.020) safe=1 clearance=0.0604m target_xy_drift=0.0000m target_tilt=0.0deg
state=05 offset=(-0.025,-0.020) safe=1 clearance=0.0604m target_xy_drift=0.0000m target_tilt=0.0deg
state=05 offset=(+0.000,-0.035) safe=1 clearance=0.0700m target_xy_drift=0.0000m target_tilt=0.0deg
state=06 offset=(+0.000,+0.000) safe=0 clearance=0.0582m target_xy_drift=0.0425m target_tilt=0.0deg
state=06 offset=(+0.000,-0.025) safe=1 clearance=0.0600m target_xy_drift=0.0000m target_tilt=0.0deg
state=06 offset=(+0.025,-0.020) safe=1 clearance=0.0604m target_xy_drift=0.0000m target_tilt=0.0deg
state=06 offset=(-0.025,-0.020) safe=1 clearance=0.0604m target_xy_drift=0.0000m target_tilt=0.0deg
state=06 offset=(+0.000,-0.035) safe=1 clearance=0.0700m target_xy_drift=0.0000m target_tilt=0.0deg
state=07 offset=(+0.000,+0.000) safe=0 clearance=0.0582m target_xy_drift=0.0425m target_tilt=0.0deg
state=07 offset=(+0.000,-0.025) safe=1 clearance=0.0600m target_xy_drift=0.0000m target_tilt=0.0deg
state=07 offset=(+0.025,-0.020) safe=1 clearance=0.0604m target_xy_drift=0.0000m target_tilt=0.0deg
state=07 offset=(-0.025,-0.020) safe=1 clearance=0.0604m target_xy_drift=0.0000m target_tilt=0.0deg
state=07 offset=(+0.000,-0.035) safe=1 clearance=0.0700m target_xy_drift=0.0000m target_tilt=0.0deg

Verdict: PASS_STATIC_OCCUPANCY_LAYOUT
CSV: experiments/logs/l1c5_calibration.csv
Report: experiments/logs/l1c5_calibration.md
[robosuite WARNING] No private macro file found! (macros.py:53)
[robosuite WARNING] It is recommended to use a private macro file (macros.py:54)
[robosuite WARNING] To setup, run: python /home/drwqyhappy/.conda/envs/openvla_oft/lib/python3.10/site-packages/robosuite/scripts/setup_macros.py (macros.py:55)
Gym has been unmaintained since 2022 and does not support NumPy 2.0 amongst other critical functionality.
Please upgrade to Gymnasium, the maintained drop-in replacement of Gym, or contact the authors of your software and request that they upgrade.
Users of this version of Gym should be able to simply replace 'import gym' with 'import gymnasium as gym' in the vast majority of cases.
See the migration guide at https://gymnasium.farama.org/introduction/migration_guide/ for additional information.
  attempt=00 place=(+0.000,-0.025) grasp=(+0.000,+0.000) yaw_request=+0 yaw_actual=0.0deg aperture=0.0532 error=0.0051m lift=0.1044m safe=1 reason=-
state=00 safe=1 offset=(+0.000,-0.025) close_sign=+1 aperture(-/+)=(0.0774/0.0084) grasp_yaw=0.0deg grasp_error=0.0051m lift=0.1044m reason=-
  attempt=00 place=(+0.000,-0.025) grasp=(+0.000,+0.000) yaw_request=+0 yaw_actual=0.0deg aperture=0.0532 error=0.0056m lift=0.1044m safe=1 reason=-
state=01 safe=1 offset=(+0.000,-0.025) close_sign=+1 aperture(-/+)=(0.0774/0.0084) grasp_yaw=0.0deg grasp_error=0.0056m lift=0.1044m reason=-
  attempt=00 place=(+0.000,-0.025) grasp=(+0.000,+0.000) yaw_request=+0 yaw_actual=0.0deg aperture=0.0532 error=0.0056m lift=0.1044m safe=0 reason=native_task_failure
  attempt=01 place=(+0.000,-0.025) grasp=(+0.000,+0.000) yaw_request=+1 yaw_actual=65.7deg aperture=0.0562 error=0.0056m lift=0.1043m safe=0 reason=occupied_goal: released target xy displacement=0.0229m>0.0200m
  attempt=02 place=(+0.000,-0.025) grasp=(+0.000,+0.000) yaw_request=-1 yaw_actual=65.7deg aperture=0.0562 error=0.0056m lift=0.1043m safe=0 reason=occupied_goal: released target xy displacement=0.0245m>0.0200m
  attempt=03 place=(+0.000,-0.025) grasp=(+0.025,+0.000) yaw_request=+0 yaw_actual=0.0deg aperture=0.0536 error=0.0059m lift=0.1044m safe=0 reason=occupied_goal: released target xy displacement=0.0255m>0.0200m
  attempt=04 place=(+0.000,-0.025) grasp=(+0.025,+0.000) yaw_request=+1 yaw_actual=65.7deg aperture=0.0018 error=0.0293m lift=-0.0050m safe=0 reason=grasp_failed
  attempt=05 place=(+0.000,-0.025) grasp=(+0.025,+0.000) yaw_request=-1 yaw_actual=65.7deg aperture=0.0018 error=0.0316m lift=-0.0047m safe=0 reason=grasp_failed
  attempt=06 place=(+0.000,-0.025) grasp=(-0.025,+0.000) yaw_request=+0 yaw_actual=0.0deg aperture=0.0536 error=0.0059m lift=0.1043m safe=0 reason=occupied_goal: released target xy displacement=0.0247m>0.0200m
  attempt=07 place=(+0.000,-0.025) grasp=(-0.025,+0.000) yaw_request=+1 yaw_actual=65.7deg aperture=0.0019 error=0.0261m lift=-0.0008m safe=0 reason=grasp_failed
  attempt=08 place=(+0.000,-0.025) grasp=(-0.025,+0.000) yaw_request=-1 yaw_actual=65.7deg aperture=0.0019 error=0.0262m lift=-0.0007m safe=0 reason=grasp_failed
  attempt=09 place=(+0.000,-0.025) grasp=(+0.000,+0.025) yaw_request=+0 yaw_actual=0.0deg aperture=0.0010 error=0.0362m lift=-0.0047m safe=0 reason=grasp_failed
  attempt=10 place=(+0.000,-0.025) grasp=(+0.000,+0.025) yaw_request=+1 yaw_actual=65.7deg aperture=0.0548 error=0.0053m lift=0.1043m safe=1 reason=-
state=02 safe=1 offset=(+0.000,-0.025) close_sign=+1 aperture(-/+)=(0.0774/0.0084) grasp_yaw=65.7deg grasp_error=0.0053m lift=0.1043m reason=-
  attempt=00 place=(+0.000,-0.025) grasp=(+0.000,+0.000) yaw_request=+0 yaw_actual=0.0deg aperture=0.0532 error=0.0051m lift=0.1044m safe=1 reason=-
state=03 safe=1 offset=(+0.000,-0.025) close_sign=+1 aperture(-/+)=(0.0774/0.0084) grasp_yaw=0.0deg grasp_error=0.0051m lift=0.1044m reason=-
  attempt=00 place=(+0.000,-0.025) grasp=(+0.000,+0.000) yaw_request=+0 yaw_actual=0.0deg aperture=0.0532 error=0.0049m lift=0.1044m safe=1 reason=-
state=04 safe=1 offset=(+0.000,-0.025) close_sign=+1 aperture(-/+)=(0.0774/0.0084) grasp_yaw=0.0deg grasp_error=0.0049m lift=0.1044m reason=-
  attempt=00 place=(+0.000,-0.025) grasp=(+0.000,+0.000) yaw_request=+0 yaw_actual=0.0deg aperture=0.0532 error=0.0048m lift=0.1044m safe=1 reason=-
state=05 safe=1 offset=(+0.000,-0.025) close_sign=+1 aperture(-/+)=(0.0774/0.0084) grasp_yaw=0.0deg grasp_error=0.0048m lift=0.1044m reason=-
  attempt=00 place=(+0.000,-0.025) grasp=(+0.000,+0.000) yaw_request=+0 yaw_actual=0.0deg aperture=0.0532 error=0.0047m lift=0.1044m safe=1 reason=-
state=06 safe=1 offset=(+0.000,-0.025) close_sign=+1 aperture(-/+)=(0.0774/0.0084) grasp_yaw=0.0deg grasp_error=0.0047m lift=0.1044m reason=-
  attempt=00 place=(+0.000,-0.025) grasp=(+0.000,+0.000) yaw_request=+0 yaw_actual=0.0deg aperture=0.0532 error=0.0055m lift=0.1044m safe=1 reason=-
state=07 safe=1 offset=(+0.000,-0.025) close_sign=+1 aperture(-/+)=(0.0774/0.0084) grasp_yaw=0.0deg grasp_error=0.0055m lift=0.1044m reason=-

Verdict: PASS_DYNAMIC_SAFE_REFERENCE
CSV: experiments/logs/l1c5_safe_reference.csv
Attempts CSV: experiments/logs/l1c5_safe_reference_attempts.csv
Report: experiments/logs/l1c5_safe_reference.md
__L1C5_CONSTRUCTION_EXIT_CODE__=0
